# Formatted Transcript of Gemini Conversation `affc03bb`

This file contains the formatted steps from the untruncated conversation history.

---

## Step 0 - USER_INPUT (USER_EXPLICIT)
* **Status**: DONE | **Created At**: 2026-06-08T06:14:10Z

### 📄 Content
```text
<USER_REQUEST>
check why wsl crash suddently
</USER_REQUEST>
<ADDITIONAL_METADATA>
The current local time is: 2026-06-08T13:14:10+07:00.
</ADDITIONAL_METADATA>
<USER_SETTINGS_CHANGE>
The user changed setting `Model Selection` from None to Gemini 3.5 Flash (High). No need to comment on this change if the user doesn't ask about it. If reporting what model you are, please use a human readable name instead of the exact string.
</USER_SETTINGS_CHANGE>
```

---

## Step 1 - CONVERSATION_HISTORY (SYSTEM)
* **Status**: DONE | **Created At**: 2026-06-08T06:14:12Z

---

## Step 2 - PLANNER_RESPONSE (MODEL)
* **Status**: DONE | **Created At**: 2026-06-08T06:14:12Z

### 🛠️ Proposed Tool Calls
* **Tool**: `run_command`
  **Arguments**:
  ```json
{
  "CommandLine": "uname -a && cat /proc/version && (systemd-detect-virt || true)",
  "Cwd": "/home/huyhung",
  "WaitMsBeforeAsync": 5000,
  "toolAction": "Checking system information",
  "toolSummary": "System check"
}
  ```

---

## Step 3 - RUN_COMMAND (MODEL)
* **Status**: DONE | **Created At**: 2026-06-08T06:14:14Z

### 📄 Content
```text
Created At: 2026-06-08T06:14:14Z
Completed At: 2026-06-08T06:14:15Z

				The command completed successfully.
				Output:
				Linux NDV-huyhung2M 6.6.114.1-microsoft-standard-WSL2 #1 SMP PREEMPT_DYNAMIC Mon Dec  1 20:46:23 UTC 2025 x86_64 x86_64 x86_64 GNU/Linux
Linux version 6.6.114.1-microsoft-standard-WSL2 (root@507f3e43091d) (gcc (GCC) 13.2.0, GNU ld (GNU Binutils) 2.41) #1 SMP PREEMPT_DYNAMIC Mon Dec  1 20:46:23 UTC 2025
wsl
```

---

## Step 5 - PLANNER_RESPONSE (MODEL)
* **Status**: DONE | **Created At**: 2026-06-08T06:14:16Z

### 🛠️ Proposed Tool Calls
* **Tool**: `run_command`
  **Arguments**:
  ```json
{
  "CommandLine": "uptime && (journalctl -b -1 -n 100 || echo \"No previous boot logs\") && journalctl -n 50",
  "Cwd": "/home/huyhung",
  "WaitMsBeforeAsync": 5000,
  "toolAction": "Checking uptime and journalctl logs",
  "toolSummary": "Log retrieval"
}
  ```

---

## Step 6 - RUN_COMMAND (MODEL)
* **Status**: DONE | **Created At**: 2026-06-08T06:14:19Z

### 📄 Content
```text
Created At: 2026-06-08T06:14:19Z
Completed At: 2026-06-08T06:14:19Z

				The command completed successfully.
				Output:
				<truncated 85 lines>
Jun 08 13:10:58 NDV-huyhung2M systemd[289]: Closed pk-debconf-helper.socket - debconf communication socket.
Jun 08 13:10:58 NDV-huyhung2M systemd[289]: Closed snapd.session-agent.socket - REST API socket for snapd user session agent.
Jun 08 13:10:58 NDV-huyhung2M systemd[289]: Closed gpg-agent-ssh.socket - GnuPG cryptographic agent (ssh-agent emulation).
Jun 08 13:10:58 NDV-huyhung2M systemd[289]: Removed slice app.slice - User Application Slice.
Jun 08 13:10:58 NDV-huyhung2M systemd[289]: Reached target shutdown.target - Shutdown.
Jun 08 13:10:58 NDV-huyhung2M systemd[289]: Finished systemd-exit.service - Exit the Session.
Jun 08 13:10:58 NDV-huyhung2M systemd[289]: Reached target exit.target - Exit the Session.
Jun 08 13:10:58 NDV-huyhung2M systemd[1]: user@1000.service: Deactivated successfully.
Jun 08 13:10:58 NDV-huyhung2M systemd[1]: Stopped user@1000.service - User Manager for UID 1000.
Jun 08 13:10:58 NDV-huyhung2M systemd[1]: Stopping user-runtime-dir@1000.service - User Runtime Directory /run/user/1000...
Jun 08 13:10:58 NDV-huyhung2M systemd[1]: mnt-wslg-run-user-1000.mount: Deactivated successfully.
Jun 08 13:10:58 NDV-huyhung2M systemd[1]: run-user-1000.mount: Deactivated successfully.
Jun 08 13:10:58 NDV-huyhung2M systemd[1]: user-runtime-dir@1000.service: Deactivated successfully.
Jun 08 13:10:58 NDV-huyhung2M systemd[1]: Stopped user-runtime-dir@1000.service - User Runtime Directory /run/user/1000.
Jun 08 13:10:58 NDV-huyhung2M systemd[1]: Removed slice user-1000.slice - User Slice of UID 1000.
Jun 08 13:11:22 NDV-huyhung2M wsl-pro-service[157]: WARNING Daemon: could not connect to Windows Agent: could not get address: could not read agent port file "/mnt/c/Users/Huy.Hung/.ubuntupro/.address": open /mnt/c/Users/Huy.Hung/.ubuntupro/.address: no such file or directory
Jun 08 13:13:40 NDV-huyhung2M systemd[1]: Starting systemd-update-utmp-runlevel.service - Record Runlevel Change in UTMP...
Jun 08 13:13:40 NDV-huyhung2M systemd[1]: systemd-update-utmp-runlevel.service: Deactivated successfully.
Jun 08 13:13:40 NDV-huyhung2M systemd[1]: Finished systemd-update-utmp-runlevel.service - Record Runlevel Change in UTMP.
Jun 08 13:13:40 NDV-huyhung2M systemd[1]: Startup finished in 1.381s.
Jun 08 13:13:40 NDV-huyhung2M login[278]: PAM unable to dlopen(pam_lastlog.so): /usr/lib/security/pam_lastlog.so: cannot open shared object file: No such file or directory
Jun 08 13:13:40 NDV-huyhung2M login[278]: PAM adding faulty module: pam_lastlog.so
Jun 08 13:13:41 NDV-huyhung2M login[278]: pam_unix(login:session): session opened for user huyhung(uid=1000) by huyhung(uid=0)
Jun 08 13:13:41 NDV-huyhung2M systemd[1]: Created slice user-1000.slice - User Slice of UID 1000.
Jun 08 13:13:41 NDV-huyhung2M systemd[1]: Starting user-runtime-dir@1000.service - User Runtime Directory /run/user/1000...
Jun 08 13:13:41 NDV-huyhung2M systemd-logind[166]: New session 1 of user huyhung.
Jun 08 13:13:41 NDV-huyhung2M systemd[1]: Finished user-runtime-dir@1000.service - User Runtime Directory /run/user/1000.
Jun 08 13:13:41 NDV-huyhung2M systemd[1]: Starting user@1000.service - User Manager for UID 1000...
Jun 08 13:13:41 NDV-huyhung2M (systemd)[332]: pam_unix(systemd-user:session): session opened for user huyhung(uid=1000) by huyhung(uid=0)
Jun 08 13:13:41 NDV-huyhung2M systemd[332]: Queued start job for default target default.target.
Jun 08 13:13:41 NDV-huyhung2M systemd-journald[40]: File /var/log/journal/393eefea3eb3468287951367b6a270f1/user-1000.journal corrupted or uncleanly shut down, renaming and replacing.
Jun 08 13:13:41 NDV-huyhung2M systemd[1]: dmesg.service: Deactivated successfully.
Jun 08 13:13:41 NDV-huyhung2M systemd[332]: Created slice app.slice - User Application Slice.
Jun 08 13:13:41 NDV-huyhung2M systemd[332]: Started launchpadlib-cache-clean.timer - Clean up old files in the Launchpadlib cache.
Jun 08 13:13:41 NDV-huyhung2M systemd[332]: Reached target paths.target - Paths.
Jun 08 13:13:41 NDV-huyhung2M systemd[332]: Reached target timers.target - Timers.
Jun 08 13:13:41 NDV-huyhung2M systemd[332]: Starting dbus.socket - D-Bus User Message Bus Socket...
Jun 08 13:13:41 NDV-huyhung2M systemd[332]: Listening on dirmngr.socket - GnuPG network certificate management daemon.
Jun 08 13:13:41 NDV-huyhung2M systemd[332]: Listening on gpg-agent-browser.socket - GnuPG cryptographic agent and passphrase cache (access for web browsers).
Jun 08 13:13:41 NDV-huyhung2M systemd[332]: Listening on gpg-agent-extra.socket - GnuPG cryptographic agent and passphrase cache (restricted).
Jun 08 13:13:41 NDV-huyhung2M systemd[332]: Starting gpg-agent-ssh.socket - GnuPG cryptographic agent (ssh-agent emulation)...
Jun 08 13:13:41 NDV-huyhung2M systemd[332]: Listening on gpg-agent.socket - GnuPG cryptographic agent and passphrase cache.
Jun 08 13:13:41 NDV-huyhung2M systemd[332]: Listening on keyboxd.socket - GnuPG public key management service.
Jun 08 13:13:41 NDV-huyhung2M systemd[332]: Listening on pk-debconf-helper.socket - debconf communication socket.
Jun 08 13:13:41 NDV-huyhung2M systemd[332]: Listening on snapd.session-agent.socket - REST API socket for snapd user session agent.
Jun 08 13:13:41 NDV-huyhung2M systemd[332]: Starting wslg-session.service - WSLg user service...
Jun 08 13:13:41 NDV-huyhung2M systemd[332]: Listening on dbus.socket - D-Bus User Message Bus Socket.
Jun 08 13:13:41 NDV-huyhung2M systemd[332]: Listening on gpg-agent-ssh.socket - GnuPG cryptographic agent (ssh-agent emulation).
Jun 08 13:13:41 NDV-huyhung2M systemd[332]: Reached target sockets.target - Sockets.
Jun 08 13:13:41 NDV-huyhung2M systemd[332]: Reached target basic.target - Basic System.
Jun 08 13:13:41 NDV-huyhung2M systemd[332]: Reached target default.target - Main User Target.
Jun 08 13:13:41 NDV-huyhung2M systemd[1]: Started user@1000.service - User Manager for UID 1000.
Jun 08 13:13:41 NDV-huyhung2M systemd[1]: Started session-1.scope - Session 1 of User huyhung.
Jun 08 13:13:41 NDV-huyhung2M systemd[332]: Finished wslg-session.service - WSLg user service.
Jun 08 13:13:41 NDV-huyhung2M systemd[332]: Startup finished in 104ms.
Jun 08 13:13:41 NDV-huyhung2M wsl-pro-service[169]: WARNING Daemon: could not connect to Windows Agent: could not get address: could not read agent port file "/mnt/c/Users/Huy.Hung/.ubuntupro/.address": open /mnt/c/Users/Huy.Hung/.ubuntupro/.address: no such file or directory
Jun 08 13:13:43 NDV-huyhung2M wsl-pro-service[169]: WARNING Daemon: could not connect to Windows Agent: could not get address: could not read agent port file "/mnt/c/Users/Huy.Hung/.ubuntupro/.address": open /mnt/c/Users/Huy.Hung/.ubuntupro/.address: no such file or directory
Jun 08 13:13:45 NDV-huyhung2M snapd[165]: daemon.go:556: gracefully waiting for running hooks
Jun 08 13:13:45 NDV-huyhung2M snapd[165]: daemon.go:558: done waiting for running hooks
Jun 08 13:13:47 NDV-huyhung2M wsl-pro-service[169]: WARNING Daemon: could not connect to Windows Agent: could not get address: could not read agent port file "/mnt/c/Users/Huy.Hung/.ubuntupro/.address": open /mnt/c/Users/Huy.Hung/.ubuntupro/.address: no such file or directory
Jun 08 13:13:48 NDV-huyhung2M snapd[165]: overlord.go:538: Released state lock file
Jun 08 13:13:48 NDV-huyhung2M snapd[165]: daemon stop requested to wait for socket activation
Jun 08 13:13:48 NDV-huyhung2M systemd[1]: snapd.service: Deactivated successfully.
Jun 08 13:13:55 NDV-huyhung2M wsl-pro-service[169]: WARNING Daemon: could not connect to Windows Agent: could not get address: could not read agent port file "/mnt/c/Users/Huy.Hung/.ubuntupro/.address": open /mnt/c/Users/Huy.Hung/.ubuntupro/.address: no such file or directory
Jun 08 13:14:10 NDV-huyhung2M systemd[1]: systemd-timedated.service: Deactivated successfully.
Jun 08 13:14:11 NDV-huyhung2M wsl-pro-service[169]: WARNING Daemon: could not connect to Windows Agent: could not get address: could not read agent port file "/mnt/c/Users/Huy.Hung/.ubuntupro/.address": open /mnt/c/Users/Huy.Hung/.ubuntupro/.address: no such file or directory
```

---

## Step 7 - PLANNER_RESPONSE (MODEL)
* **Status**: DONE | **Created At**: 2026-06-08T06:14:19Z

### 🛠️ Proposed Tool Calls
* **Tool**: `run_command`
  **Arguments**:
  ```json
{
  "CommandLine": "dmesg -T | tail -n 150",
  "Cwd": "/home/huyhung",
  "WaitMsBeforeAsync": 5000,
  "toolAction": "Retrieving dmesg logs",
  "toolSummary": "Kernel logs"
}
  ```

---

## Step 8 - RUN_COMMAND (MODEL)
* **Status**: DONE | **Created At**: 2026-06-08T06:14:22Z

### 📄 Content
```text
Created At: 2026-06-08T06:14:22Z
Completed At: 2026-06-08T06:14:22Z

				The command completed successfully.
				Output:
				<truncated 1 lines>
[Mon Jun  8 13:13:37 2026] scsi 0:0:0:0: Direct-Access     Msft     Virtual Disk     1.0  PQ: 0 ANSI: 5
[Mon Jun  8 13:13:37 2026] scsi 0:0:0:1: Direct-Access     Msft     Virtual Disk     1.0  PQ: 0 ANSI: 5
[Mon Jun  8 13:13:37 2026] sd 0:0:0:0: Attached scsi generic sg0 type 0
[Mon Jun  8 13:13:37 2026] sd 0:0:0:0: [sda] 747064 512-byte logical blocks: (382 MB/365 MiB)
[Mon Jun  8 13:13:37 2026] sd 0:0:0:1: Attached scsi generic sg1 type 0
[Mon Jun  8 13:13:37 2026] sd 0:0:0:1: [sdb] 295872 512-byte logical blocks: (151 MB/144 MiB)
[Mon Jun  8 13:13:37 2026] sd 0:0:0:0: [sda] Write Protect is on
[Mon Jun  8 13:13:37 2026] sd 0:0:0:1: [sdb] Write Protect is on
[Mon Jun  8 13:13:37 2026] sd 0:0:0:0: [sda] Mode Sense: 0f 00 80 00
[Mon Jun  8 13:13:37 2026] sd 0:0:0:0: [sda] Write cache: disabled, read cache: enabled, doesn't support DPO or FUA
[Mon Jun  8 13:13:37 2026] sd 0:0:0:1: [sdb] Mode Sense: 0f 00 80 00
[Mon Jun  8 13:13:37 2026] sd 0:0:0:1: [sdb] Write cache: disabled, read cache: enabled, doesn't support DPO or FUA
[Mon Jun  8 13:13:37 2026] sd 0:0:0:0: [sda] Attached SCSI disk
[Mon Jun  8 13:13:37 2026] sd 0:0:0:1: [sdb] Attached SCSI disk
[Mon Jun  8 13:13:37 2026] NET: Registered PF_INET6 protocol family
[Mon Jun  8 13:13:37 2026] Segment Routing with IPv6
[Mon Jun  8 13:13:37 2026] In-situ OAM (IOAM) with IPv6
[Mon Jun  8 13:13:37 2026] NET: Registered PF_PACKET protocol family
[Mon Jun  8 13:13:37 2026] 9pnet: Installing 9P2000 support
[Mon Jun  8 13:13:37 2026] NET: Registered PF_VSOCK protocol family
[Mon Jun  8 13:13:37 2026] hv_vmbus: registering driver hv_sock
[Mon Jun  8 13:13:37 2026] IPI shorthand broadcast: enabled
[Mon Jun  8 13:13:37 2026] AVX2 version of gcm_enc/dec engaged.
[Mon Jun  8 13:13:37 2026] AES CTR mode by8 optimization enabled
[Mon Jun  8 13:13:37 2026] sched_clock: Marking stable (228634705, 5033885)->(256992368, -23323778)
[Mon Jun  8 13:13:37 2026] registered taskstats version 1
[Mon Jun  8 13:13:37 2026] Loading compiled-in X.509 certificates
[Mon Jun  8 13:13:37 2026] ima: No TPM chip found, activating TPM-bypass!
[Mon Jun  8 13:13:37 2026] ima: Allocated hash algorithm: sha256
[Mon Jun  8 13:13:37 2026] ima: No architecture policies found
[Mon Jun  8 13:13:37 2026] RAS: Correctable Errors collector initialized.
[Mon Jun  8 13:13:37 2026] clk: Disabling unused clocks
[Mon Jun  8 13:13:37 2026] Freeing unused decrypted memory: 2028K
[Mon Jun  8 13:13:37 2026] Freeing unused kernel image (initmem) memory: 4480K
[Mon Jun  8 13:13:37 2026] Write protecting the kernel read-only data: 34816k
[Mon Jun  8 13:13:37 2026] Freeing unused kernel image (rodata/data gap) memory: 740K
[Mon Jun  8 13:13:37 2026] Run /init as init process
[Mon Jun  8 13:13:37 2026]   with arguments:
[Mon Jun  8 13:13:37 2026]     /init
[Mon Jun  8 13:13:37 2026]   with environment:
[Mon Jun  8 13:13:37 2026]     HOME=/
[Mon Jun  8 13:13:37 2026]     TERM=linux
[Mon Jun  8 13:13:37 2026]     WSL_ROOT_INIT=1
[Mon Jun  8 13:13:37 2026]     WSL_ENABLE_CRASH_DUMP=1
[Mon Jun  8 13:13:37 2026] WSL (1 - ): WSL version 2.7.3.0
[Mon Jun  8 13:13:37 2026] scsi 0:0:0:2: Direct-Access     Msft     Virtual Disk     1.0  PQ: 0 ANSI: 5
[Mon Jun  8 13:13:37 2026] sd 0:0:0:2: Attached scsi generic sg2 type 0
[Mon Jun  8 13:13:37 2026] sd 0:0:0:2: [sdc] 8388616 512-byte logical blocks: (4.29 GB/4.00 GiB)
[Mon Jun  8 13:13:37 2026] sd 0:0:0:2: [sdc] 4096-byte physical blocks
[Mon Jun  8 13:13:37 2026] sd 0:0:0:2: [sdc] Write Protect is off
[Mon Jun  8 13:13:37 2026] sd 0:0:0:2: [sdc] Mode Sense: 0f 00 00 00
[Mon Jun  8 13:13:37 2026] sd 0:0:0:2: [sdc] Write cache: enabled, read cache: enabled, doesn't support DPO or FUA
[Mon Jun  8 13:13:37 2026] sd 0:0:0:2: [sdc] Attached SCSI disk
[Mon Jun  8 13:13:37 2026] EXT4-fs (sda): mounted filesystem 00000000-0000-0000-0000-000000000000 ro without journal. Quota mode: none.
[Mon Jun  8 13:13:37 2026] EXT4-fs (sdb): mounted filesystem 00000000-0000-0000-0000-000000000000 ro without journal. Quota mode: none.
[Mon Jun  8 13:13:37 2026] tun: Universal TUN/TAP device driver, 1.6
[Mon Jun  8 13:13:37 2026] Adding 4194304k swap on /dev/sdc.  Priority:-2 extents:1 across:4194304k 
[Mon Jun  8 13:13:37 2026] bridge: filtering via arp/ip/ip6tables is no longer available by default. Update your scripts to load br_netfilter if you need this.
[Mon Jun  8 13:13:37 2026] Bridge firewalling registered
[Mon Jun  8 13:13:38 2026] hv_pci 30f7ba12-ee79-41fe-910e-9535b678c7d1: PCI VMBus probing: Using version 0x10004
[Mon Jun  8 13:13:38 2026] hv_pci 30f7ba12-ee79-41fe-910e-9535b678c7d1: PCI host bridge to bus ee79:00
[Mon Jun  8 13:13:38 2026] pci_bus ee79:00: root bus resource [mem 0xc00000000-0xe00001fff window]
[Mon Jun  8 13:13:38 2026] pci_bus ee79:00: No busn resource found for root bus, will use [bus 00-ff]
[Mon Jun  8 13:13:38 2026] pci ee79:00:00.0: [1af4:105a] type 00 class 0x088000
[Mon Jun  8 13:13:38 2026] pci ee79:00:00.0: reg 0x10: [mem 0xe00000000-0xe00000fff 64bit]
[Mon Jun  8 13:13:38 2026] pci ee79:00:00.0: reg 0x18: [mem 0xe00001000-0xe00001fff 64bit]
[Mon Jun  8 13:13:38 2026] pci ee79:00:00.0: reg 0x20: [mem 0xc00000000-0xdffffffff 64bit]
[Mon Jun  8 13:13:38 2026] pci_bus ee79:00: busn_res: [bus 00-ff] end is updated to 00
[Mon Jun  8 13:13:38 2026] pci ee79:00:00.0: BAR 4: assigned [mem 0xc00000000-0xdffffffff 64bit]
[Mon Jun  8 13:13:38 2026] pci ee79:00:00.0: BAR 0: assigned [mem 0xe00000000-0xe00000fff 64bit]
[Mon Jun  8 13:13:38 2026] pci ee79:00:00.0: BAR 2: assigned [mem 0xe00001000-0xe00001fff 64bit]
[Mon Jun  8 13:13:38 2026] virtio-pci ee79:00:00.0: enabling device (0000 -> 0002)
[Mon Jun  8 13:13:38 2026] virtiofs virtio1: Cache len: 0x200000000 @ 0xc00000000
[Mon Jun  8 13:13:38 2026] scsi 0:0:0:3: Direct-Access     Msft     Virtual Disk     1.0  PQ: 0 ANSI: 5
[Mon Jun  8 13:13:39 2026] sd 0:0:0:3: Attached scsi generic sg3 type 0
[Mon Jun  8 13:13:39 2026] sd 0:0:0:3: [sdd] 2147483648 512-byte logical blocks: (1.10 TB/1.00 TiB)
[Mon Jun  8 13:13:39 2026] sd 0:0:0:3: [sdd] 4096-byte physical blocks
[Mon Jun  8 13:13:39 2026] sd 0:0:0:3: [sdd] Write Protect is off
[Mon Jun  8 13:13:39 2026] sd 0:0:0:3: [sdd] Mode Sense: 0f 00 00 00
[Mon Jun  8 13:13:39 2026] sd 0:0:0:3: [sdd] Write cache: enabled, read cache: enabled, doesn't support DPO or FUA
[Mon Jun  8 13:13:39 2026] sd 0:0:0:3: [sdd] Attached SCSI disk
[Mon Jun  8 13:13:39 2026] EXT4-fs (sdd): mounted filesystem 3534a10d-0622-454d-93e0-849c5ac8a5ef r/w with ordered data mode. Quota mode: none.
[Mon Jun  8 13:13:39 2026] misc dxg: dxgk: dxgkio_is_feature_enabled: Ioctl failed: -22
[Mon Jun  8 13:13:39 2026] misc dxg: dxgk: dxgkio_query_adapter_info: Ioctl failed: -22
[Mon Jun  8 13:13:39 2026] misc dxg: dxgk: dxgkio_query_adapter_info: Ioctl failed: -22
[Mon Jun  8 13:13:39 2026] misc dxg: dxgk: dxgkio_query_adapter_info: Ioctl failed: -22
[Mon Jun  8 13:13:39 2026] misc dxg: dxgk: dxgkio_query_adapter_info: Ioctl failed: -2
[Mon Jun  8 13:13:39 2026] misc dxg: dxgk: dxgkio_query_adapter_info: Ioctl failed: -22
[Mon Jun  8 13:13:39 2026] misc dxg: dxgk: dxgkio_query_adapter_info: Ioctl failed: -22
[Mon Jun  8 13:13:39 2026] misc dxg: dxgk: dxgkio_query_adapter_info: Ioctl failed: -22
[Mon Jun  8 13:13:39 2026] misc dxg: dxgk: dxgkio_query_adapter_info: Ioctl failed: -2
[Mon Jun  8 13:13:39 2026] systemd-journald[40]: Collecting audit messages is disabled.
[Mon Jun  8 13:13:39 2026] systemd-journald[40]: Received client request to flush runtime journal.
[Mon Jun  8 13:13:39 2026] systemd-journald[40]: File /var/log/journal/393eefea3eb3468287951367b6a270f1/system.journal corrupted or uncleanly shut down, renaming and replacing.
[Mon Jun  8 13:13:40 2026] kvm_intel: Using Hyper-V Enlightened VMCS
[Mon Jun  8 13:13:40 2026] weston[323]: memfd_create() called without MFD_EXEC or MFD_NOEXEC_SEAL set
[Mon Jun  8 13:13:40 2026] intel_rapl_msr: PL4 support detected.
[Mon Jun  8 13:13:41 2026] systemd-journald[40]: File /var/log/journal/393eefea3eb3468287951367b6a270f1/user-1000.journal corrupted or uncleanly shut down, renaming and replacing.
```

---

## Step 9 - PLANNER_RESPONSE (MODEL)
* **Status**: DONE | **Created At**: 2026-06-08T06:14:22Z

### 🛠️ Proposed Tool Calls
* **Tool**: `run_command`
  **Arguments**:
  ```json
{
  "CommandLine": "cat /proc/cmdline && powershell.exe -Command \"Get-Date\"",
  "Cwd": "/home/huyhung",
  "WaitMsBeforeAsync": 5000,
  "toolAction": "Testing powershell integration and checking cmdline",
  "toolSummary": "Environment check"
}
  ```

---

## Step 10 - RUN_COMMAND (MODEL)
* **Status**: DONE | **Created At**: 2026-06-08T06:14:25Z

### 📄 Content
```text
Created At: 2026-06-08T06:14:25Z
Completed At: 2026-06-08T06:14:25Z

				The command failed with exit code: 127
				Output:
				initrd=\initrd.img WSL_ROOT_INIT=1 panic=-1 nr_cpus=20 hv_utils.timesync_implicit=1 console=hvc0 debug pty.legacy_count=0 WSL_ENABLE_CRASH_DUMP=1
bash: line 1: powershell.exe: command not found
```

---

## Step 11 - PLANNER_RESPONSE (MODEL)
* **Status**: DONE | **Created At**: 2026-06-08T06:14:25Z

### 🛠️ Proposed Tool Calls
* **Tool**: `run_command`
  **Arguments**:
  ```json
{
  "CommandLine": "ls -la /mnt/c/Windows/System32/WindowsPowerShell/v1.0/powershell.exe",
  "Cwd": "/home/huyhung",
  "WaitMsBeforeAsync": 5000,
  "toolAction": "Checking PowerShell executable path",
  "toolSummary": "File check"
}
  ```

---

## Step 12 - RUN_COMMAND (MODEL)
* **Status**: DONE | **Created At**: 2026-06-08T06:14:27Z

### 📄 Content
```text
Created At: 2026-06-08T06:14:27Z
Completed At: 2026-06-08T06:14:27Z

				The command completed successfully.
				Output:
				-r-xr-xr-x 2 huyhung huyhung 450560 Mar  5  2025 /mnt/c/Windows/System32/WindowsPowerShell/v1.0/powershell.exe
```

---

## Step 13 - PLANNER_RESPONSE (MODEL)
* **Status**: DONE | **Created At**: 2026-06-08T06:14:27Z

### 🧠 Assistant Thoughts
```text
**Exploring Command Execution**

I've confirmed that I can execute Windows commands via PowerShell, specifically using the path `/mnt/c/Windows/System32/WindowsPowerShell/v1.0/powershell.exe`. Now I am also checking if the standard command prompt, `/mnt/c/Windows/System32/cmd.exe`, might also function, or perhaps even another path for PowerShell.
```

### 🛠️ Proposed Tool Calls
* **Tool**: `run_command`
  **Arguments**:
  ```json
{
  "CommandLine": "/mnt/c/Windows/System32/WindowsPowerShell/v1.0/powershell.exe -Command \"Get-WinEvent -FilterHashtable @{LogName='System'; Level=1,2,3; StartTime=(Get-Date).AddMinutes(-60)} -ErrorAction SilentlyContinue | Format-Table TimeCreated, ProviderName, Id, Message -Wrap\"",
  "Cwd": "/home/huyhung",
  "WaitMsBeforeAsync": 5000,
  "toolAction": "Retrieving Windows System event log errors",
  "toolSummary": "Event Log query"
}
  ```

---

## Step 14 - RUN_COMMAND (MODEL)
* **Status**: RUNNING | **Created At**: 2026-06-08T06:14:31Z

### 📄 Content
```text
Created At: 2026-06-08T06:14:31Z
Tool is running as a background task with task id: affc03bb-e10d-47ac-b4b5-20193834e64b/task-14
Task Description: /mnt/c/Windows/System32/WindowsPowerShell/v1.0/powershell.exe -Command "Get-WinEvent -FilterHashtable @{LogName='System'; Level=1,2,3; StartTime=(Get-Date).AddMinutes(-60)} -ErrorAction SilentlyContinue | Format-Table TimeCreated, ProviderName, Id, Message -Wrap"
Task logs are available at: file:///home/huyhung/.gemini/antigravity-cli/brain/affc03bb-e10d-47ac-b4b5-20193834e64b/.system_generated/tasks/task-14.log
```

---

## Step 15 - PLANNER_RESPONSE (MODEL)
* **Status**: DONE | **Created At**: 2026-06-08T06:14:36Z

### 🧠 Assistant Thoughts
```text
**Awaiting System Response**

I've realized I don't need to actively check on that background process! The system smartly resumes execution whenever the task finishes or sends a notification. No polling is required on my end – a much more efficient approach.
```

### 🛠️ Proposed Tool Calls
* **Tool**: `run_command`
  **Arguments**:
  ```json
{
  "CommandLine": "cat /etc/wsl.conf 2>/dev/null || echo \"No /etc/wsl.conf\"; cat /mnt/c/Users/Huy.Hung/.wslconfig 2>/dev/null || echo \"No .wslconfig\"",
  "Cwd": "/home/huyhung",
  "WaitMsBeforeAsync": 5000,
  "toolAction": "Checking WSL configurations",
  "toolSummary": "Config check"
}
  ```

---

## Step 16 - RUN_COMMAND (MODEL)
* **Status**: DONE | **Created At**: 2026-06-08T06:14:39Z

### 📄 Content
```text
Created At: 2026-06-08T06:14:39Z
Completed At: 2026-06-08T06:14:39Z

				The command completed successfully.
				Output:
				[boot]
systemd=true

[user]
default=huyhung
[interop]
appendWindowsPath=false

No .wslconfig
```

---

## Step 17 - PLANNER_RESPONSE (MODEL)
* **Status**: DONE | **Created At**: 2026-06-08T06:14:39Z

### 🛠️ Proposed Tool Calls
* **Tool**: `manage_task`
  **Arguments**:
  ```json
{
  "Action": "list",
  "toolAction": "Listing background tasks",
  "toolSummary": "Task management"
}
  ```

---

## Step 18 - GENERIC (MODEL)
* **Status**: DONE | **Created At**: 2026-06-08T06:14:42Z

### 📄 Content
```text
Created At: 2026-06-08T06:14:42Z
Completed At: 2026-06-08T06:14:42Z
You have 1 background task(s) currently running:
{
  "taskId":  "affc03bb-e10d-47ac-b4b5-20193834e64b/task-14",
  "toolName":  "run_command",
  "toolSummary":  "Event Log query",
  "description":  "/mnt/c/Windows/System32/WindowsPowerShell/v1.0/powershell.exe -Command \"Get-WinEvent -FilterHashtable @{LogName='System'; Level=1,2,3; StartTime=(Get-Date).AddMinutes(-60)} -ErrorAction SilentlyContinue | Format-Table TimeCreated, ProviderName, Id, Message -Wrap\"",
  "startTime":  "2026-06-08T06:14:31.935172367Z",
  "stepIndex":  14,
  "logUri":  "file:///home/huyhung/.gemini/antigravity-cli/brain/affc03bb-e10d-47ac-b4b5-20193834e64b/.system_generated/tasks/task-14.log"
}
```

---

## Step 19 - PLANNER_RESPONSE (MODEL)
* **Status**: DONE | **Created At**: 2026-06-08T06:14:42Z

### 📄 Content
```text
I am currently querying the Windows Event Log from the host system using PowerShell to find any WSL, Hyper-V, or Virtual Machine Worker Process (`vmwp.exe`) errors or critical events from the last 60 minutes. 

I will examine these events to see if WSL crashed due to an out-of-memory error on the host, a virtual machine crash, or another system issue. This may take a moment; I will share the findings as soon as they are retrieved.
```

---

## Step 20 - USER_INPUT (USER_EXPLICIT)
* **Status**: DONE | **Created At**: 2026-06-08T06:15:48Z

### 📄 Content
```text
<USER_REQUEST>
how about the process ? give me the result
</USER_REQUEST>
<ADDITIONAL_METADATA>
The current local time is: 2026-06-08T13:15:48+07:00.
</ADDITIONAL_METADATA>
```

---

## Step 21 - PLANNER_RESPONSE (MODEL)
* **Status**: DONE | **Created At**: 2026-06-08T06:15:48Z

### 🛠️ Proposed Tool Calls
* **Tool**: `view_file`
  **Arguments**:
  ```json
{
  "AbsolutePath": "/home/huyhung/.gemini/antigravity-cli/brain/affc03bb-e10d-47ac-b4b5-20193834e64b/.system_generated/tasks/task-14.log",
  "toolAction": "Viewing the task output log",
  "toolSummary": "File view"
}
  ```

---

## Step 22 - ERROR_MESSAGE (SYSTEM)
* **Status**: DONE | **Created At**: 2026-06-08T06:15:51Z

### 📄 Content
```text
Created At: 2026-06-08T06:15:51Z
Error invalid tool call: There was a problem parsing the tool call. 
Error Message: model output error: invalid tool call error (invalid_args) failed to read file: open /home/huyhung/.gemini/antigravity-cli/brain/affc03bb-e10d-47ac-b4b5-20193834e64b/.system_generated/tasks/task-14.log: no such file or directory 
Guidance: You are trying to correct your previous tool call error, you must focus on fixing the failed tool call with sequential tool calls and try again. Do not do parallel tool calls and if you are fixing multiple tool calls, do them one at a time. Do not apologize. 
Retries remaining: 4.
```

---

## Step 23 - PLANNER_RESPONSE (MODEL)
* **Status**: DONE | **Created At**: 2026-06-08T06:15:51Z

### 🛠️ Proposed Tool Calls
* **Tool**: `manage_task`
  **Arguments**:
  ```json
{
  "Action": "status",
  "TaskId": "affc03bb-e10d-47ac-b4b5-20193834e64b/task-14",
  "toolAction": "Checking background task status",
  "toolSummary": "Task management"
}
  ```

---

## Step 24 - GENERIC (MODEL)
* **Status**: DONE | **Created At**: 2026-06-08T06:15:52Z

### 📄 Content
```text
Created At: 2026-06-08T06:15:52Z
Completed At: 2026-06-08T06:15:52Z
Task: affc03bb-e10d-47ac-b4b5-20193834e64b/task-14
Status: RUNNING
Log: /home/huyhung/.gemini/antigravity-cli/brain/affc03bb-e10d-47ac-b4b5-20193834e64b/.system_generated/tasks/task-14.log
Last progress: never


REMINDER: Do not call this tool again to poll or wait for updates. You will be automatically notified when the task completes or a message arrives. If you need a bounded wait, use the `schedule` tool -- it waits silently in the background and suppresses its notification if you are woken by another event.
```

---

## Step 25 - PLANNER_RESPONSE (MODEL)
* **Status**: DONE | **Created At**: 2026-06-08T06:15:52Z

### 🛠️ Proposed Tool Calls
* **Tool**: `manage_task`
  **Arguments**:
  ```json
{
  "Action": "kill",
  "TaskId": "affc03bb-e10d-47ac-b4b5-20193834e64b/task-14",
  "toolAction": "Killing unresponsive background task",
  "toolSummary": "Task management"
}
  ```

---

## Step 26 - GENERIC (MODEL)
* **Status**: DONE | **Created At**: 2026-06-08T06:15:54Z

### 📄 Content
```text
Created At: 2026-06-08T06:15:54Z
Completed At: 2026-06-08T06:15:54Z
Task "affc03bb-e10d-47ac-b4b5-20193834e64b/task-14" cancelled.
```

---

## Step 27 - SYSTEM_MESSAGE (SYSTEM)
* **Status**: DONE | **Created At**: 2026-06-08T06:15:54Z

### 📄 Content
```text
The following is a <SYSTEM_MESSAGE> not actually sent by the user. It is provided by the system as important information to pay attention to.

<SYSTEM_MESSAGE>
[Message] timestamp=2026-06-08T06:15:54Z sender=affc03bb-e10d-47ac-b4b5-20193834e64b/task-14 priority=MESSAGE_PRIORITY_LOW content=Task id "affc03bb-e10d-47ac-b4b5-20193834e64b/task-14" was canceled with result:
Step was canceled: context canceled by manage_task

Log: file:///home/huyhung/.gemini/antigravity-cli/brain/affc03bb-e10d-47ac-b4b5-20193834e64b/.system_generated/tasks/task-14.log
</SYSTEM_MESSAGE>
```

---

## Step 28 - PLANNER_RESPONSE (MODEL)
* **Status**: DONE | **Created At**: 2026-06-08T06:15:54Z

### 🛠️ Proposed Tool Calls
* **Tool**: `run_command`
  **Arguments**:
  ```json
{
  "CommandLine": "/mnt/c/Windows/System32/WindowsPowerShell/v1.0/powershell.exe -Command \"Get-EventLog -LogName System -Newest 20 | Format-Table -Wrap\"",
  "Cwd": "/home/huyhung",
  "WaitMsBeforeAsync": 8000,
  "toolAction": "Getting newest 20 system events",
  "toolSummary": "System event log"
}
  ```

---

## Step 29 - RUN_COMMAND (MODEL)
* **Status**: RUNNING | **Created At**: 2026-06-08T06:15:57Z

### 📄 Content
```text
Created At: 2026-06-08T06:15:57Z
Tool is running as a background task with task id: affc03bb-e10d-47ac-b4b5-20193834e64b/task-29
Task Description: /mnt/c/Windows/System32/WindowsPowerShell/v1.0/powershell.exe -Command "Get-EventLog -LogName System -Newest 20 | Format-Table -Wrap"
Task logs are available at: file:///home/huyhung/.gemini/antigravity-cli/brain/affc03bb-e10d-47ac-b4b5-20193834e64b/.system_generated/tasks/task-29.log
```

---

## Step 30 - PLANNER_RESPONSE (MODEL)
* **Status**: DONE | **Created At**: 2026-06-08T06:16:05Z

### 🛠️ Proposed Tool Calls
* **Tool**: `run_command`
  **Arguments**:
  ```json
{
  "CommandLine": "/mnt/c/Windows/System32/cmd.exe /c ver",
  "Cwd": "/home/huyhung",
  "WaitMsBeforeAsync": 8000,
  "toolAction": "Running cmd.exe version check",
  "toolSummary": "Cmd check"
}
  ```

---

## Step 31 - RUN_COMMAND (MODEL)
* **Status**: RUNNING | **Created At**: 2026-06-08T06:16:08Z

### 📄 Content
```text
Created At: 2026-06-08T06:16:08Z
Tool is running as a background task with task id: affc03bb-e10d-47ac-b4b5-20193834e64b/task-31
Task Description: /mnt/c/Windows/System32/cmd.exe /c ver
Task logs are available at: file:///home/huyhung/.gemini/antigravity-cli/brain/affc03bb-e10d-47ac-b4b5-20193834e64b/.system_generated/tasks/task-31.log
```

---

## Step 32 - PLANNER_RESPONSE (MODEL)
* **Status**: DONE | **Created At**: 2026-06-08T06:16:16Z

### 🛠️ Proposed Tool Calls
* **Tool**: `manage_task`
  **Arguments**:
  ```json
{
  "Action": "kill",
  "TaskId": "affc03bb-e10d-47ac-b4b5-20193834e64b/task-29",
  "toolAction": "Killing task 29",
  "toolSummary": "Task management"
}
  ```

---

## Step 33 - GENERIC (MODEL)
* **Status**: DONE | **Created At**: 2026-06-08T06:16:18Z

### 📄 Content
```text
Created At: 2026-06-08T06:16:18Z
Completed At: 2026-06-08T06:16:18Z
Task "affc03bb-e10d-47ac-b4b5-20193834e64b/task-29" cancelled.
```

---

## Step 34 - SYSTEM_MESSAGE (SYSTEM)
* **Status**: DONE | **Created At**: 2026-06-08T06:16:18Z

### 📄 Content
```text
The following is a <SYSTEM_MESSAGE> not actually sent by the user. It is provided by the system as important information to pay attention to.

<SYSTEM_MESSAGE>
[Message] timestamp=2026-06-08T06:16:18Z sender=affc03bb-e10d-47ac-b4b5-20193834e64b/task-29 priority=MESSAGE_PRIORITY_LOW content=Task id "affc03bb-e10d-47ac-b4b5-20193834e64b/task-29" was canceled with result:
Step was canceled: context canceled by manage_task

Log: file:///home/huyhung/.gemini/antigravity-cli/brain/affc03bb-e10d-47ac-b4b5-20193834e64b/.system_generated/tasks/task-29.log
</SYSTEM_MESSAGE>
```

---

## Step 35 - PLANNER_RESPONSE (MODEL)
* **Status**: DONE | **Created At**: 2026-06-08T06:16:18Z

### 🛠️ Proposed Tool Calls
* **Tool**: `manage_task`
  **Arguments**:
  ```json
{
  "Action": "kill",
  "TaskId": "affc03bb-e10d-47ac-b4b5-20193834e64b/task-31",
  "toolAction": "Killing task 31",
  "toolSummary": "Task management"
}
  ```

---

## Step 36 - GENERIC (MODEL)
* **Status**: DONE | **Created At**: 2026-06-08T06:16:19Z

### 📄 Content
```text
Created At: 2026-06-08T06:16:19Z
Completed At: 2026-06-08T06:16:19Z
Task "affc03bb-e10d-47ac-b4b5-20193834e64b/task-31" cancelled.
```

---

## Step 37 - SYSTEM_MESSAGE (SYSTEM)
* **Status**: DONE | **Created At**: 2026-06-08T06:16:20Z

### 📄 Content
```text
The following is a <SYSTEM_MESSAGE> not actually sent by the user. It is provided by the system as important information to pay attention to.

<SYSTEM_MESSAGE>
[Message] timestamp=2026-06-08T06:16:19Z sender=affc03bb-e10d-47ac-b4b5-20193834e64b/task-31 priority=MESSAGE_PRIORITY_LOW content=Task id "affc03bb-e10d-47ac-b4b5-20193834e64b/task-31" was canceled with result:
Step was canceled: context canceled by manage_task

Log: file:///home/huyhung/.gemini/antigravity-cli/brain/affc03bb-e10d-47ac-b4b5-20193834e64b/.system_generated/tasks/task-31.log
</SYSTEM_MESSAGE>
```

---

## Step 38 - PLANNER_RESPONSE (MODEL)
* **Status**: DONE | **Created At**: 2026-06-08T06:16:20Z

### 🛠️ Proposed Tool Calls
* **Tool**: `run_command`
  **Arguments**:
  ```json
{
  "CommandLine": "find /mnt/c/Users/Huy.Hung/AppData/Local/Temp/ -maxdepth 1 -iname \"*wsl*\" -o -iname \"*weston*\" -o -iname \"*pulse*\" 2>/dev/null",
  "Cwd": "/home/huyhung",
  "WaitMsBeforeAsync": 5000,
  "toolAction": "Searching for WSL logs in Temp folder",
  "toolSummary": "Find logs"
}
  ```

---

## Step 39 - RUN_COMMAND (MODEL)
* **Status**: DONE | **Created At**: 2026-06-08T06:16:22Z

### 📄 Content
```text
Created At: 2026-06-08T06:16:22Z
Completed At: 2026-06-08T06:16:23Z

				The command completed successfully.
				Output:
				/mnt/c/Users/Huy.Hung/AppData/Local/Temp/WSLDVCPlugin
/mnt/c/Users/Huy.Hung/AppData/Local/Temp/wsl-crashes
```

---

## Step 40 - PLANNER_RESPONSE (MODEL)
* **Status**: DONE | **Created At**: 2026-06-08T06:16:23Z

### 🛠️ Proposed Tool Calls
* **Tool**: `run_command`
  **Arguments**:
  ```json
{
  "CommandLine": "ls -la /mnt/c/Users/Huy.Hung/AppData/Local/Temp/wsl-crashes",
  "Cwd": "/home/huyhung",
  "WaitMsBeforeAsync": 5000,
  "toolAction": "Listing contents of wsl-crashes directory",
  "toolSummary": "List directory"
}
  ```

---

## Step 41 - RUN_COMMAND (MODEL)
* **Status**: DONE | **Created At**: 2026-06-08T06:16:25Z

### 📄 Content
```text
Created At: 2026-06-08T06:16:25Z
Completed At: 2026-06-08T06:16:25Z

				The command completed successfully.
				Output:
				total 2195320
drwxrwxrwx 1 huyhung huyhung      4096 Jun  5 13:25 .
drwxrwxrwx 1 huyhung huyhung      4096 Jun  8 13:16 ..
-rwxrwxrwx 1 huyhung huyhung 145776640 Oct 29  2025 wsl-crash-1761711438-425024-_usr_local_share_gcm-core_git-credential-manager-6.dmp
-rwxrwxrwx 1 huyhung huyhung 314007552 Dec 16 13:26 wsl-crash-1765866406-25388-_home_huyhung_projects_company_console-fe_node_modules_.pnpm__biomejs_cli-linux-x64_2.3.8_node_modules__biomejs_cli-linux-x64_biome-6.dmp
-rwxrwxrwx 1 huyhung huyhung 407322624 Dec 22 13:20 wsl-crash-1766384423-1816-_home_huyhung_projects_company_console-fe_node_modules_.pnpm__biomejs_cli-linux-x64_2.3.8_node_modules__biomejs_cli-linux-x64_biome-6.dmp
-rwxrwxrwx 1 huyhung huyhung 473923584 Mar 16 09:55 wsl-crash-1773629742-697146-_home_huyhung_projects_company_mswcc-front-fe_node_modules_.pnpm__biomejs_cli-linux-x64_2.3.13_node_modules__biomejs_cli-linux-x64_biome-6.dmp
-rwxrwxrwx 1 huyhung huyhung   5525504 Mar 25 14:29 wsl-crash-1774423779-41714-_usr_bin_zsh-11.dmp
-rwxrwxrwx 1 huyhung huyhung   5623808 Apr  6 13:14 wsl-crash-1775456045-458984-_usr_bin_zsh-11.dmp
-rwxrwxrwx 1 huyhung huyhung 387461120 Apr 24 20:10 wsl-crash-1777036221-1650222-_home_huyhung_.cache_ms-playwright_chromium-1219_chrome-linux64_chrome-6.dmp
-rwxrwxrwx 1 huyhung huyhung  12558336 May 18 17:26 wsl-crash-1779099998-16-_home_huyhung_.cache_ms-playwright_chromium_headless_shell-1223_chrome-headless-shell-linux64_chrome-headless-shell-5.dmp
-rwxrwxrwx 1 huyhung huyhung  12558336 May 20 09:17 wsl-crash-1779243474-14-_home_huyhung_.cache_ms-playwright_chromium_headless_shell-1223_chrome-headless-shell-linux64_chrome-headless-shell-5.dmp
-rwxrwxrwx 1 huyhung huyhung   1015808 May 20 11:35 wsl-crash-1779251741-957671-_home_huyhung_.local_bin_rtk-6.dmp
-rwxrwxrwx 1 huyhung huyhung  19894272 May 25 13:50 wsl-crash-1779691843-14-_home_huyhung_.cache_ms-playwright_chromium-1224_chrome-linux64_chrome-5.dmp
-rwxrwxrwx 1 huyhung huyhung  12578816 May 27 17:11 wsl-crash-1779876696-15-_home_huyhung_.cache_ms-playwright_chromium_headless_shell-1223_chrome-headless-shell-linux64_chrome-headless-shell-5.dmp
-rwxrwxrwx 1 huyhung huyhung  12562432 Jun  3 13:12 wsl-crash-1780467130-15-_home_huyhung_.cache_ms-playwright_chromium_headless_shell-1223_chrome-headless-shell-linux64_chrome-headless-shell-5.dmp
-rwxrwxrwx 1 huyhung huyhung  12558336 Jun  3 13:14 wsl-crash-1780467250-15-_home_huyhung_.cache_ms-playwright_chromium_headless_shell-1223_chrome-headless-shell-linux64_chrome-headless-shell-5.dmp
-rwxrwxrwx 1 huyhung huyhung 424640512 Jun  5 13:26 wsl-crash-1780640756-99707-_opt_microsoft_msedge_msedge-5.dmp
```

---

## Step 42 - PLANNER_RESPONSE (MODEL)
* **Status**: DONE | **Created At**: 2026-06-08T06:16:25Z

### 🧠 Assistant Thoughts
```text
**Analyzing Application Crashes**

I'm now focusing on application crash dumps *within* the Linux environment. I've realized these crashes (e.g., in biome, zsh, chromium, chrome-headless-shell, and msedge) are application-specific, not necessarily WSL itself failing. The most recent crash dump I've identified is from `Jun 5 13:26`.
```

### 🛠️ Proposed Tool Calls
* **Tool**: `run_command`
  **Arguments**:
  ```json
{
  "CommandLine": "find /mnt/c/Users/Huy.Hung/ -maxdepth 2 -name \"*wsl*.log\" -o -name \".wsl*\" 2>/dev/null",
  "Cwd": "/home/huyhung",
  "WaitMsBeforeAsync": 5000,
  "toolAction": "Searching for wsl logs in Windows user folder",
  "toolSummary": "Find logs"
}
  ```

---

## Step 43 - RUN_COMMAND (MODEL)
* **Status**: DONE | **Created At**: 2026-06-08T06:16:29Z

### 📄 Content
```text
Created At: 2026-06-08T06:16:29Z
Completed At: 2026-06-08T06:16:29Z

				The command completed successfully.
			Stdout:
			
			Stderr:
```

---

## Step 44 - PLANNER_RESPONSE (MODEL)
* **Status**: DONE | **Created At**: 2026-06-08T06:16:29Z

### 🛠️ Proposed Tool Calls
* **Tool**: `run_command`
  **Arguments**:
  ```json
{
  "CommandLine": "find /mnt/c/Users/Huy.Hung/AppData/Local/Temp/ -maxdepth 2 -name \"*wsl*.log\" -o -name \"*wsl*\" 2>/dev/null | head -n 30",
  "Cwd": "/home/huyhung",
  "WaitMsBeforeAsync": 5000,
  "toolAction": "Searching for files with wsl in Temp folder",
  "toolSummary": "Find logs"
}
  ```

---

## Step 45 - RUN_COMMAND (MODEL)
* **Status**: DONE | **Created At**: 2026-06-08T06:16:31Z

### 📄 Content
```text
Created At: 2026-06-08T06:16:31Z
Completed At: 2026-06-08T06:16:32Z

				The command completed successfully.
				Output:
				/mnt/c/Users/Huy.Hung/AppData/Local/Temp/wsl-crashes
/mnt/c/Users/Huy.Hung/AppData/Local/Temp/wsl-crashes/wsl-crash-1761711438-425024-_usr_local_share_gcm-core_git-credential-manager-6.dmp
/mnt/c/Users/Huy.Hung/AppData/Local/Temp/wsl-crashes/wsl-crash-1765866406-25388-_home_huyhung_projects_company_console-fe_node_modules_.pnpm__biomejs_cli-linux-x64_2.3.8_node_modules__biomejs_cli-linux-x64_biome-6.dmp
/mnt/c/Users/Huy.Hung/AppData/Local/Temp/wsl-crashes/wsl-crash-1766384423-1816-_home_huyhung_projects_company_console-fe_node_modules_.pnpm__biomejs_cli-linux-x64_2.3.8_node_modules__biomejs_cli-linux-x64_biome-6.dmp
/mnt/c/Users/Huy.Hung/AppData/Local/Temp/wsl-crashes/wsl-crash-1773629742-697146-_home_huyhung_projects_company_mswcc-front-fe_node_modules_.pnpm__biomejs_cli-linux-x64_2.3.13_node_modules__biomejs_cli-linux-x64_biome-6.dmp
/mnt/c/Users/Huy.Hung/AppData/Local/Temp/wsl-crashes/wsl-crash-1774423779-41714-_usr_bin_zsh-11.dmp
/mnt/c/Users/Huy.Hung/AppData/Local/Temp/wsl-crashes/wsl-crash-1775456045-458984-_usr_bin_zsh-11.dmp
/mnt/c/Users/Huy.Hung/AppData/Local/Temp/wsl-crashes/wsl-crash-1777036221-1650222-_home_huyhung_.cache_ms-playwright_chromium-1219_chrome-linux64_chrome-6.dmp
/mnt/c/Users/Huy.Hung/AppData/Local/Temp/wsl-crashes/wsl-crash-1779099998-16-_home_huyhung_.cache_ms-playwright_chromium_headless_shell-1223_chrome-headless-shell-linux64_chrome-headless-shell-5.dmp
/mnt/c/Users/Huy.Hung/AppData/Local/Temp/wsl-crashes/wsl-crash-1779243474-14-_home_huyhung_.cache_ms-playwright_chromium_headless_shell-1223_chrome-headless-shell-linux64_chrome-headless-shell-5.dmp
/mnt/c/Users/Huy.Hung/AppData/Local/Temp/wsl-crashes/wsl-crash-1779251741-957671-_home_huyhung_.local_bin_rtk-6.dmp
/mnt/c/Users/Huy.Hung/AppData/Local/Temp/wsl-crashes/wsl-crash-1779691843-14-_home_huyhung_.cache_ms-playwright_chromium-1224_chrome-linux64_chrome-5.dmp
/mnt/c/Users/Huy.Hung/AppData/Local/Temp/wsl-crashes/wsl-crash-1779876696-15-_home_huyhung_.cache_ms-playwright_chromium_headless_shell-1223_chrome-headless-shell-linux64_chrome-headless-shell-5.dmp
/mnt/c/Users/Huy.Hung/AppData/Local/Temp/wsl-crashes/wsl-crash-1780467130-15-_home_huyhung_.cache_ms-playwright_chromium_headless_shell-1223_chrome-headless-shell-linux64_chrome-headless-shell-5.dmp
/mnt/c/Users/Huy.Hung/AppData/Local/Temp/wsl-crashes/wsl-crash-1780467250-15-_home_huyhung_.cache_ms-playwright_chromium_headless_shell-1223_chrome-headless-shell-linux64_chrome-headless-shell-5.dmp
/mnt/c/Users/Huy.Hung/AppData/Local/Temp/wsl-crashes/wsl-crash-1780640756-99707-_opt_microsoft_msedge_msedge-5.dmp
```

---

## Step 46 - PLANNER_RESPONSE (MODEL)
* **Status**: DONE | **Created At**: 2026-06-08T06:16:32Z

### 🛠️ Proposed Tool Calls
* **Tool**: `run_command`
  **Arguments**:
  ```json
{
  "CommandLine": "find /mnt/c/Users/Huy.Hung/AppData/Local/Temp/ -mtime -1 -name \"*.log\" 2>/dev/null",
  "Cwd": "/home/huyhung",
  "WaitMsBeforeAsync": 5000,
  "toolAction": "Searching for recently modified logs",
  "toolSummary": "Find logs"
}
  ```

---

## Step 47 - RUN_COMMAND (MODEL)
* **Status**: RUNNING | **Created At**: 2026-06-08T06:16:34Z

### 📄 Content
```text
Created At: 2026-06-08T06:16:34Z
Tool is running as a background task with task id: affc03bb-e10d-47ac-b4b5-20193834e64b/task-47
Task Description: find /mnt/c/Users/Huy.Hung/AppData/Local/Temp/ -mtime -1 -name "*.log" 2>/dev/null
Task logs are available at: file:///home/huyhung/.gemini/antigravity-cli/brain/affc03bb-e10d-47ac-b4b5-20193834e64b/.system_generated/tasks/task-47.log
```

---

## Step 48 - PLANNER_RESPONSE (MODEL)
* **Status**: DONE | **Created At**: 2026-06-08T06:16:40Z

### 🧠 Assistant Thoughts
```text
**Inspecting Files Directly**

Okay, the process seems to have gone background again. I'm pivoting to a more direct approach: I'm planning to inspect the files located in `/mnt/c/Users/Huy.Hung/AppData/Local/Temp/` to see what I can find. I'll need to use `find` over the mounted Windows file system, so I'll be waiting a short time for that and its output.
```

### 🛠️ Proposed Tool Calls
* **Tool**: `manage_task`
  **Arguments**:
  ```json
{
  "Action": "status",
  "TaskId": "affc03bb-e10d-47ac-b4b5-20193834e64b/task-47",
  "toolAction": "Checking task-47 status",
  "toolSummary": "Task management"
}
  ```

---

## Step 49 - GENERIC (MODEL)
* **Status**: DONE | **Created At**: 2026-06-08T06:16:43Z

### 📄 Content
```text
Created At: 2026-06-08T06:16:43Z
Completed At: 2026-06-08T06:16:43Z
Task: affc03bb-e10d-47ac-b4b5-20193834e64b/task-47
Status: RUNNING
Log: /home/huyhung/.gemini/antigravity-cli/brain/affc03bb-e10d-47ac-b4b5-20193834e64b/.system_generated/tasks/task-47.log
Log output:
/mnt/c/Users/Huy.Hung/AppData/Local/Temp/mat-debug-7192.log
/mnt/c/Users/Huy.Hung/AppData/Local/Temp/StructuredQuery.log
/mnt/c/Users/Huy.Hung/AppData/Local/Temp/cv_debug.log
/mnt/c/Users/Huy.Hung/AppData/Local/Temp/vscode-inno-updater-1780898997.log
/mnt/c/Users/Huy.Hung/AppData/Local/Temp/vscode-inno-updater-1780887906.log
/mnt/c/Users/Huy.Hung/AppData/Local/Temp/mat-debug-31556.log
/mnt/c/Users/Huy.Hung/AppData/Local/Temp/mat-debug-19664.log
/mnt/c/Users/Huy.Hung/AppData/Local/Temp/mat-debug-28276.log
/mnt/c/Users/Huy.Hung/AppData/Local/Temp/mat-debug-14004.log
/mnt/c/Users/Huy.Hung/AppData/Local/Temp/mat-debug-27012.log
/mnt/c/Users/Huy.Hung/AppData/Local/Temp/mat-debug-27968.log
/mnt/c/Users/Huy.Hung/AppData/Local/Temp/mat-debug-13060.log
/mnt/c/Users/Huy.Hung/AppData/Local/Temp/mat-debug-15236.log

Last progress: 1s ago


REMINDER: Do not call this tool again to poll or wait for updates. You will be automatically notified when the task completes or a message arrives. If you need a bounded wait, use the `schedule` tool -- it waits silently in the background and suppresses its notification if you are woken by another event.
```

---

## Step 50 - PLANNER_RESPONSE (MODEL)
* **Status**: DONE | **Created At**: 2026-06-08T06:16:43Z

### 🛠️ Proposed Tool Calls
* **Tool**: `manage_task`
  **Arguments**:
  ```json
{
  "Action": "kill",
  "TaskId": "affc03bb-e10d-47ac-b4b5-20193834e64b/task-47",
  "toolAction": "Killing task 47",
  "toolSummary": "Task management"
}
  ```

---

## Step 51 - GENERIC (MODEL)
* **Status**: DONE | **Created At**: 2026-06-08T06:16:45Z

### 📄 Content
```text
Created At: 2026-06-08T06:16:45Z
Completed At: 2026-06-08T06:16:45Z
Task "affc03bb-e10d-47ac-b4b5-20193834e64b/task-47" cancelled.
```

---

## Step 52 - SYSTEM_MESSAGE (SYSTEM)
* **Status**: DONE | **Created At**: 2026-06-08T06:16:45Z

### 📄 Content
```text
The following is a <SYSTEM_MESSAGE> not actually sent by the user. It is provided by the system as important information to pay attention to.

<SYSTEM_MESSAGE>
[Message] timestamp=2026-06-08T06:16:45Z sender=affc03bb-e10d-47ac-b4b5-20193834e64b/task-47 priority=MESSAGE_PRIORITY_LOW content=Task id "affc03bb-e10d-47ac-b4b5-20193834e64b/task-47" was canceled with result:
Step was canceled: context canceled by manage_task
			The following output was generated before the cancellation.
				Output:
				/mnt/c/Users/Huy.Hung/AppData/Local/Temp/mat-debug-7192.log
/mnt/c/Users/Huy.Hung/AppData/Local/Temp/StructuredQuery.log
/mnt/c/Users/Huy.Hung/AppData/Local/Temp/cv_debug.log
/mnt/c/Users/Huy.Hung/AppData/Local/Temp/vscode-inno-updater-1780898997.log
/mnt/c/Users/Huy.Hung/AppData/Local/Temp/vscode-inno-updater-1780887906.log
/mnt/c/Users/Huy.Hung/AppData/Local/Temp/mat-debug-31556.log
/mnt/c/Users/Huy.Hung/AppData/Local/Temp/mat-debug-19664.log
/mnt/c/Users/Huy.Hung/AppData/Local/Temp/mat-debug-28276.log
/mnt/c/Users/Huy.Hung/AppData/Local/Temp/mat-debug-14004.log
/mnt/c/Users/Huy.Hung/AppData/Local/Temp/mat-debug-27012.log
/mnt/c/Users/Huy.Hung/AppData/Local/Temp/mat-debug-27968.log
/mnt/c/Users/Huy.Hung/AppData/Local/Temp/mat-debug-13060.log
/mnt/c/Users/Huy.Hung/AppData/Local/Temp/mat-debug-15236.log
/mnt/c/Users/Huy.Hung/AppData/Local/Temp/mat-debug-12488.log


Log: file:///home/huyhung/.gemini/antigravity-cli/brain/affc03bb-e10d-47ac-b4b5-20193834e64b/.system_generated/tasks/task-47.log
</SYSTEM_MESSAGE>
```

---

## Step 53 - PLANNER_RESPONSE (MODEL)
* **Status**: DONE | **Created At**: 2026-06-08T06:16:45Z

### 🛠️ Proposed Tool Calls
* **Tool**: `run_command`
  **Arguments**:
  ```json
{
  "CommandLine": "free -h && dmesg -T | grep -i -E \"oom|kill|panic|error\" | tail -n 30",
  "Cwd": "/home/huyhung",
  "WaitMsBeforeAsync": 5000,
  "toolAction": "Checking memory and dmesg error logs",
  "toolSummary": "Memory and log check"
}
  ```

---

## Step 54 - RUN_COMMAND (MODEL)
* **Status**: DONE | **Created At**: 2026-06-08T06:16:48Z

### 📄 Content
```text
Created At: 2026-06-08T06:16:48Z
Completed At: 2026-06-08T06:16:48Z

				The command completed successfully.
				Output:
				               total        used        free      shared  buff/cache   available
Mem:            15Gi       1.1Gi        13Gi       3.5Mi       903Mi        14Gi
Swap:          4.0Gi          0B       4.0Gi
[Mon Jun  8 13:13:39 2026] Command line: initrd=\initrd.img WSL_ROOT_INIT=1 panic=-1 nr_cpus=20 hv_utils.timesync_implicit=1 console=hvc0 debug pty.legacy_count=0 WSL_ENABLE_CRASH_DUMP=1
[Mon Jun  8 13:13:39 2026] Kernel command line: initrd=\initrd.img WSL_ROOT_INIT=1 panic=-1 nr_cpus=20 hv_utils.timesync_implicit=1 console=hvc0 debug pty.legacy_count=0 WSL_ENABLE_CRASH_DUMP=1
[Mon Jun  8 13:13:39 2026] RAS: Correctable Errors collector initialized.
[Mon Jun  8 13:13:46 2026] WSL (291) ERROR: CheckConnection: getaddrinfo() failed: -5
```

---

## Step 55 - PLANNER_RESPONSE (MODEL)
* **Status**: DONE | **Created At**: 2026-06-08T06:16:48Z

### 🛠️ Proposed Tool Calls
* **Tool**: `run_command`
  **Arguments**:
  ```json
{
  "CommandLine": "ls -la /var/log/journal/393eefea3eb3468287951367b6a270f1/",
  "Cwd": "/home/huyhung",
  "WaitMsBeforeAsync": 5000,
  "toolAction": "Listing systemd journal files",
  "toolSummary": "Journal directory list"
}
  ```

---

## Step 56 - RUN_COMMAND (MODEL)
* **Status**: DONE | **Created At**: 2026-06-08T06:16:50Z

### 📄 Content
```text
Created At: 2026-06-08T06:16:50Z
Completed At: 2026-06-08T06:16:50Z

				The command completed successfully.
				Output:
				<truncated 43 lines>
-rw-r-----+ 1 root systemd-journal 8388608 Jun  1 09:44 system@4a927f70a8554f2c9b15d104b0af97c3-000000000012a4c1-000653282b85055a.journal
-rw-r-----+ 1 root systemd-journal 8388608 Jun  1 09:45 system@4a927f70a8554f2c9b15d104b0af97c3-000000000012a4c4-000653282d3fea15.journal
-rw-r-----+ 1 root systemd-journal 8388608 Jun  1 09:45 system@4a927f70a8554f2c9b15d104b0af97c3-000000000012a4c7-000653282efafbe7.journal
-rw-r-----+ 1 root systemd-journal 8388608 Jun  1 09:46 system@4a927f70a8554f2c9b15d104b0af97c3-000000000012a4ca-0006532830b5a156.journal
-rw-r-----+ 1 root systemd-journal 8388608 Jun  1 09:46 system@4a927f70a8554f2c9b15d104b0af97c3-000000000012a4cd-0006532832708472.journal
-rw-r-----+ 1 root systemd-journal 8388608 Jun  3 10:03 system@4a927f70a8554f2c9b15d104b0af97c3-000000000012a4d0-00065328342bbeef.journal
-rw-r-----+ 1 root systemd-journal 8388608 Jun  3 10:03 system@4a927f70a8554f2c9b15d104b0af97c3-000000000012b5d3-00065350aad8d9a0.journal
-rw-r-----+ 1 root systemd-journal 8388608 Jun  3 10:04 system@4a927f70a8554f2c9b15d104b0af97c3-000000000012b5e8-00065350ac96be4e.journal
-rw-r-----+ 1 root systemd-journal 8388608 Jun  3 10:04 system@4a927f70a8554f2c9b15d104b0af97c3-000000000012b5ec-00065350ae4f7965.journal
-rw-r-----+ 1 root systemd-journal 8388608 Jun  3 10:05 system@4a927f70a8554f2c9b15d104b0af97c3-000000000012b5ef-00065350b0092c32.journal
-rw-r-----+ 1 root systemd-journal 8388608 Jun  3 10:05 system@4a927f70a8554f2c9b15d104b0af97c3-000000000012b5f2-00065350b1c4368e.journal
-rw-r-----+ 1 root systemd-journal 8388608 Jun  3 10:06 system@4a927f70a8554f2c9b15d104b0af97c3-000000000012b5f5-00065350b37dc53d.journal
-rw-r-----+ 1 root systemd-journal 8388608 Jun  3 10:06 system@4a927f70a8554f2c9b15d104b0af97c3-000000000012b5f8-00065350b539228c.journal
-rw-r-----+ 1 root systemd-journal 8388608 Jun  3 10:07 system@4a927f70a8554f2c9b15d104b0af97c3-000000000012b5fb-00065350b6f2712d.journal
-rw-r-----+ 1 root systemd-journal 8388608 Jun  3 10:07 system@4a927f70a8554f2c9b15d104b0af97c3-000000000012b5fe-00065350b8ac78d5.journal
-rw-r-----+ 1 root systemd-journal 8388608 Jun  3 10:07 system@4a927f70a8554f2c9b15d104b0af97c3-000000000012b601-00065350ba67b882.journal
-rw-r-----+ 1 root systemd-journal 8388608 Jun  3 10:08 system@4a927f70a8554f2c9b15d104b0af97c3-000000000012b604-00065350bc2101af.journal
-rw-r-----+ 1 root systemd-journal 8388608 Jun  3 10:08 system@4a927f70a8554f2c9b15d104b0af97c3-000000000012b609-00065350bdd9aebf.journal
-rw-r-----+ 1 root systemd-journal 8388608 Jun  3 10:09 system@4a927f70a8554f2c9b15d104b0af97c3-000000000012b60c-00065350bf93f576.journal
-rw-r-----+ 1 root systemd-journal 8388608 Jun  3 10:09 system@4a927f70a8554f2c9b15d104b0af97c3-000000000012b60f-00065350c14dd0e2.journal
-rw-r-----+ 1 root systemd-journal 8388608 Jun  3 10:10 system@4a927f70a8554f2c9b15d104b0af97c3-000000000012b612-00065350c307e182.journal
-rw-r-----+ 1 root systemd-journal 8388608 Jun  3 10:10 system@4a927f70a8554f2c9b15d104b0af97c3-000000000012b615-00065350c4c20cef.journal
-rw-r-----+ 1 root systemd-journal 8388608 Jun  4 08:47 system@4a927f70a8554f2c9b15d104b0af97c3-000000000012b618-00065350c67c5d70.journal
-rw-r-----+ 1 root systemd-journal 8388608 Jun  4 08:47 system@4a927f70a8554f2c9b15d104b0af97c3-000000000012be90-00065363b8fa1b27.journal
-rw-r-----+ 1 root systemd-journal 8388608 Jun  4 08:48 system@4a927f70a8554f2c9b15d104b0af97c3-000000000012be95-00065363bac2f2ce.journal
-rw-r-----+ 1 root systemd-journal 8388608 Jun  4 08:48 system@4a927f70a8554f2c9b15d104b0af97c3-000000000012be98-00065363bc85c38b.journal
-rw-r-----+ 1 root systemd-journal 8388608 Jun  4 08:49 system@4a927f70a8554f2c9b15d104b0af97c3-000000000012be9c-00065363be4808d4.journal
-rw-r-----+ 1 root systemd-journal 8388608 Jun  4 08:49 system@4a927f70a8554f2c9b15d104b0af97c3-000000000012be9f-00065363c00b9b30.journal
-rw-r-----+ 1 root systemd-journal 8388608 Jun  4 08:50 system@4a927f70a8554f2c9b15d104b0af97c3-000000000012bea3-00065363c1cd5943.journal
-rw-r-----+ 1 root systemd-journal 8388608 Jun  4 08:50 system@4a927f70a8554f2c9b15d104b0af97c3-000000000012bea6-00065363c38fceae.journal
-rw-r-----+ 1 root systemd-journal 8388608 Jun  4 08:51 system@4a927f70a8554f2c9b15d104b0af97c3-000000000012beaa-00065363c552795a.journal
-rw-r-----+ 1 root systemd-journal 8388608 Jun  4 08:51 system@4a927f70a8554f2c9b15d104b0af97c3-000000000012bead-00065363c7140689.journal
-rw-r-----+ 1 root systemd-journal 8388608 May 25 08:39 system@55eaf9f9cbb54b5688a6acb9dd847720-0000000000126b7e-0006529a733368ec.journal
-rw-r-----+ 1 root systemd-journal 8388608 May 26 10:27 system@55eaf9f9cbb54b5688a6acb9dd847720-0000000000126de8-0006529a734e01b0.journal
-rw-r-----+ 1 root systemd-journal 8388608 May 25 08:39 system@5a8482bf8dce4c0a954f33797bf4ff82-00000000001266a4-0006525f8feb1e14.journal
-rw-r-----+ 1 root systemd-journal 8388608 Jun  5 13:32 system@79c9e93a4076433eb8b4b00eb4e038a5-000000000012d14f-0006537bd3b03466.journal
-rw-r-----+ 1 root systemd-journal 8388608 Jun  8 13:13 user-1000.journal
-rw-r-----+ 1 root systemd-journal 8388608 May 21 13:21 user-1000@0006524f21eb5a44-c305b7644deb944e.journal~
-rw-r-----+ 1 root systemd-journal 8388608 May 21 14:49 user-1000@0006525f9000fe78-b747c8836c86688d.journal~
-rw-r-----+ 1 root systemd-journal 8388608 Jun  8 13:03 user-1000@000653b7c8cce8ab-fc600aa6f06ae4a1.journal~
-rw-r-----+ 1 root systemd-journal 8388608 Jun  8 13:04 user-1000@000653b7cab17775-e870fdbc5f803b77.journal~
-rw-r-----+ 1 root systemd-journal 8388608 Jun  8 13:05 user-1000@000653b7cc965482-4596a1601e72108a.journal~
-rw-r-----+ 1 root systemd-journal 8388608 Jun  8 13:05 user-1000@000653b7ce7b40f7-30d70181b6b4852b.journal~
-rw-r-----+ 1 root systemd-journal 8388608 Jun  8 13:06 user-1000@000653b7d061a4aa-fb6307505bdf514f.journal~
-rw-r-----+ 1 root systemd-journal 8388608 Jun  8 13:06 user-1000@000653b7d245c857-e69278d2cf16db52.journal~
-rw-r-----+ 1 root systemd-journal 8388608 Jun  8 13:07 user-1000@000653b7d42b7e15-40022f361cdc66ab.journal~
-rw-r-----+ 1 root systemd-journal 8388608 Jun  8 13:07 user-1000@000653b7d610f8c6-f45fdccda460b1a7.journal~
-rw-r-----+ 1 root systemd-journal 8388608 Jun  8 13:08 user-1000@000653b7d7f60b09-0d2818a2c79b2ee1.journal~
-rw-r-----+ 1 root systemd-journal 8388608 Jun  8 13:09 user-1000@000653b7d9db4e54-85bebf61fd2133a5.journal~
-rw-r-----+ 1 root systemd-journal 8388608 Jun  8 13:10 user-1000@000653b7e97a75f3-16465939e3f54c92.journal~
-rw-r-----+ 1 root systemd-journal 8388608 Jun  8 10:00 user-1000@08c7b85cdbf54aa2a25d6bdfc12824ed-000000000012ec9f-0006537fe406c393.journal
-rw-r-----+ 1 root systemd-journal 8388608 Jun  8 10:04 user-1000@445a657219b846aeb25c6049c340e51e-000000000012f23f-000653b54373a003.journal
-rw-r-----+ 1 root systemd-journal 8388608 Jun  1 09:38 user-1000@4a927f70a8554f2c9b15d104b0af97c3-0000000000129957-000652dd43864f09.journal
-rw-r-----+ 1 root systemd-journal 8388608 Jun  3 10:03 user-1000@4a927f70a8554f2c9b15d104b0af97c3-000000000012aab5-0006532f81103e09.journal
-rw-r-----+ 1 root systemd-journal 8388608 Jun  4 08:47 user-1000@4a927f70a8554f2c9b15d104b0af97c3-000000000012b6db-00065351c23579f8.journal
-rw-r-----+ 1 root systemd-journal 8388608 Jun  5 13:32 user-1000@4a927f70a8554f2c9b15d104b0af97c3-000000000012bedb-0006536405fa11d8.journal
-rw-r-----+ 1 root systemd-journal 8388608 May 26 10:27 user-1000@55eaf9f9cbb54b5688a6acb9dd847720-0000000000126de7-0006529a734d7c35.journal
-rw-r-----+ 1 root systemd-journal 8388608 May 28 16:22 user-1000@55eaf9f9cbb54b5688a6acb9dd847720-0000000000127be9-000652b814af7215.journal
-rw-r-----+ 1 root systemd-journal 8388608 May 25 08:39 user-1000@5a8482bf8dce4c0a954f33797bf4ff82-0000000000126909-0006525f90009e9d.journal
-rw-r-----+ 1 root systemd-journal 8388608 May 21 08:25 user-1000@7855f5872f4b47799443f7624ed2a8d2-0000000000125905-0006520f976b3d8e.journal
-rw-r-----+ 1 root systemd-journal 8388608 Jun  5 18:23 user-1000@79c9e93a4076433eb8b4b00eb4e038a5-000000000012d3af-0006537bd3cda0fb.journal
```

---

## Step 57 - PLANNER_RESPONSE (MODEL)
* **Status**: DONE | **Created At**: 2026-06-08T06:16:50Z

### 🧠 Assistant Thoughts
```text
**Observing Rapid Rotation**

I've noticed user-1000's journal files are rotating very quickly. Filenames, like those timestamped around June 8th, indicate this is a frequent occurrence. Specifically, I'm seeing `.journal~` files generated at a high rate.
```

### 🛠️ Proposed Tool Calls
* **Tool**: `run_command`
  **Arguments**:
  ```json
{
  "CommandLine": "journalctl --since \"2026-06-08 13:00:00\" --until \"2026-06-08 13:13:30\" | tail -n 200",
  "Cwd": "/home/huyhung",
  "WaitMsBeforeAsync": 5000,
  "toolAction": "Viewing journal logs from 13:00 to 13:13",
  "toolSummary": "Journal log query"
}
  ```

---

## Step 58 - RUN_COMMAND (MODEL)
* **Status**: DONE | **Created At**: 2026-06-08T06:16:54Z

### 📄 Content
```text
Created At: 2026-06-08T06:16:54Z
Completed At: 2026-06-08T06:16:54Z

				The command completed successfully.
				Output:
				<truncated 128 lines>
Jun 08 13:09:50 NDV-huyhung2M wsl-pro-service[157]: WARNING Daemon: could not connect to Windows Agent: could not get address: could not read agent port file "/mnt/c/Users/Huy.Hung/.ubuntupro/.address": open /mnt/c/Users/Huy.Hung/.ubuntupro/.address: no such file or directory
Jun 08 13:10:22 NDV-huyhung2M wsl-pro-service[157]: WARNING Daemon: could not connect to Windows Agent: could not get address: could not read agent port file "/mnt/c/Users/Huy.Hung/.ubuntupro/.address": open /mnt/c/Users/Huy.Hung/.ubuntupro/.address: no such file or directory
Jun 08 13:10:48 NDV-huyhung2M systemd[1]: init.scope: Stopping timed out. Killing.
Jun 08 13:10:48 NDV-huyhung2M systemd[1]: init.scope: Killing process 2 (init-systemd(Ub) with signal SIGKILL.
Jun 08 13:10:48 NDV-huyhung2M systemd[1]: init.scope: Killing process 7 (init) with signal SIGKILL.
Jun 08 13:10:48 NDV-huyhung2M systemd[1]: init.scope: Killing process 912 (SessionLeader) with signal SIGKILL.
Jun 08 13:10:48 NDV-huyhung2M systemd[1]: init.scope: Killing process 913 (Relay(914)) with signal SIGKILL.
Jun 08 13:10:48 NDV-huyhung2M systemd[1]: init.scope: Killing process 914 (sh) with signal SIGKILL.
Jun 08 13:10:48 NDV-huyhung2M systemd[1]: init.scope: Killing process 915 (sh) with signal SIGKILL.
Jun 08 13:10:48 NDV-huyhung2M systemd[1]: init.scope: Killing process 921 (sh) with signal SIGKILL.
Jun 08 13:10:48 NDV-huyhung2M systemd[1]: init.scope: Killing process 925 (MainThread) with signal SIGKILL.
Jun 08 13:10:48 NDV-huyhung2M systemd[1]: init.scope: Killing process 937 (SessionLeader) with signal SIGKILL.
Jun 08 13:10:48 NDV-huyhung2M systemd[1]: init.scope: Killing process 938 (Relay(939)) with signal SIGKILL.
Jun 08 13:10:48 NDV-huyhung2M systemd[1]: init.scope: Killing process 939 (MainThread) with signal SIGKILL.
Jun 08 13:10:48 NDV-huyhung2M systemd[1]: init.scope: Killing process 962 (SessionLeader) with signal SIGKILL.
Jun 08 13:10:48 NDV-huyhung2M systemd[1]: init.scope: Killing process 963 (Relay(966)) with signal SIGKILL.
Jun 08 13:10:48 NDV-huyhung2M systemd[1]: init.scope: Killing process 966 (MainThread) with signal SIGKILL.
Jun 08 13:10:48 NDV-huyhung2M systemd[1]: init.scope: Killing process 978 (MainThread) with signal SIGKILL.
Jun 08 13:10:48 NDV-huyhung2M systemd[1]: init.scope: Killing process 1330 (MainThread) with signal SIGKILL.
Jun 08 13:10:48 NDV-huyhung2M systemd[1]: init.scope: Killing process 1358 (MainThread) with signal SIGKILL.
Jun 08 13:10:48 NDV-huyhung2M systemd[1]: init.scope: Killing process 1695 (codex) with signal SIGKILL.
Jun 08 13:10:48 NDV-huyhung2M systemd[1]: init.scope: Killing process 1956 (MainThread) with signal SIGKILL.
Jun 08 13:10:48 NDV-huyhung2M systemd[1]: init.scope: Killing process 1962 (MainThread) with signal SIGKILL.
Jun 08 13:10:48 NDV-huyhung2M systemd[1]: init.scope: Killing process 1985 (zsh) with signal SIGKILL.
Jun 08 13:10:48 NDV-huyhung2M systemd[1]: init.scope: Killing process 2324 (zsh) with signal SIGKILL.
Jun 08 13:10:48 NDV-huyhung2M systemd[1]: init.scope: Killing process 2325 (zsh) with signal SIGKILL.
Jun 08 13:10:48 NDV-huyhung2M systemd[1]: init.scope: Killing process 2328 (zsh) with signal SIGKILL.
Jun 08 13:10:48 NDV-huyhung2M systemd[1]: init.scope: Killing process 2334 (gitstatusd-linu) with signal SIGKILL.
Jun 08 13:10:48 NDV-huyhung2M systemd[1]: init.scope: Killing process 2493 (zsh) with signal SIGKILL.
Jun 08 13:10:48 NDV-huyhung2M systemd[1]: init.scope: Killing process 2523 (zsh) with signal SIGKILL.
Jun 08 13:10:48 NDV-huyhung2M systemd[1]: init.scope: Killing process 2755 (zsh) with signal SIGKILL.
Jun 08 13:10:48 NDV-huyhung2M systemd[1]: init.scope: Killing process 2756 (zsh) with signal SIGKILL.
Jun 08 13:10:48 NDV-huyhung2M systemd[1]: init.scope: Killing process 2758 (gitstatusd-linu) with signal SIGKILL.
Jun 08 13:10:48 NDV-huyhung2M systemd[1]: init.scope: Killing process 3016 (MainThread) with signal SIGKILL.
Jun 08 13:10:48 NDV-huyhung2M systemd[1]: init.scope: Killing process 3054 (MainThread) with signal SIGKILL.
Jun 08 13:10:48 NDV-huyhung2M systemd[1]: init.scope: Failed to kill control group /init.scope, ignoring: Invalid argument
Jun 08 13:10:48 NDV-huyhung2M systemd[1]: init.scope: Failed with result 'oom-kill'.
Jun 08 13:10:48 NDV-huyhung2M systemd[1]: init.scope: Consumed 9h 33min 46.774s CPU time, 14.5G memory peak, 3.9G memory swap peak.
Jun 08 13:10:48 NDV-huyhung2M systemd-logind[155]: Session 24 logged out. Waiting for processes to exit.
Jun 08 13:10:48 NDV-huyhung2M systemd[1]: session-24.scope: Deactivated successfully.
Jun 08 13:10:48 NDV-huyhung2M systemd-logind[155]: Removed session 24.
Jun 08 13:10:58 NDV-huyhung2M systemd[1]: Stopping user@1000.service - User Manager for UID 1000...
Jun 08 13:10:58 NDV-huyhung2M systemd[289]: Activating special unit exit.target...
Jun 08 13:10:58 NDV-huyhung2M systemd[289]: Stopped target default.target - Main User Target.
Jun 08 13:10:58 NDV-huyhung2M systemd[289]: Stopped target basic.target - Basic System.
Jun 08 13:10:58 NDV-huyhung2M systemd[289]: Stopped target paths.target - Paths.
Jun 08 13:10:58 NDV-huyhung2M systemd[289]: Stopped target sockets.target - Sockets.
Jun 08 13:10:58 NDV-huyhung2M systemd[289]: Stopped target timers.target - Timers.
Jun 08 13:10:58 NDV-huyhung2M systemd[289]: Stopped launchpadlib-cache-clean.timer - Clean up old files in the Launchpadlib cache.
Jun 08 13:10:58 NDV-huyhung2M systemd[289]: Closed dbus.socket - D-Bus User Message Bus Socket.
Jun 08 13:10:58 NDV-huyhung2M systemd[289]: Closed dirmngr.socket - GnuPG network certificate management daemon.
Jun 08 13:10:58 NDV-huyhung2M systemd[289]: Closed gpg-agent-browser.socket - GnuPG cryptographic agent and passphrase cache (access for web browsers).
Jun 08 13:10:58 NDV-huyhung2M systemd[289]: Closed gpg-agent-extra.socket - GnuPG cryptographic agent and passphrase cache (restricted).
Jun 08 13:10:58 NDV-huyhung2M systemd[289]: Stopping gpg-agent-ssh.socket - GnuPG cryptographic agent (ssh-agent emulation)...
Jun 08 13:10:58 NDV-huyhung2M systemd[289]: Closed gpg-agent.socket - GnuPG cryptographic agent and passphrase cache.
Jun 08 13:10:58 NDV-huyhung2M systemd[289]: Closed keyboxd.socket - GnuPG public key management service.
Jun 08 13:10:58 NDV-huyhung2M systemd[289]: Closed pk-debconf-helper.socket - debconf communication socket.
Jun 08 13:10:58 NDV-huyhung2M systemd[289]: Closed snapd.session-agent.socket - REST API socket for snapd user session agent.
Jun 08 13:10:58 NDV-huyhung2M systemd[289]: Closed gpg-agent-ssh.socket - GnuPG cryptographic agent (ssh-agent emulation).
Jun 08 13:10:58 NDV-huyhung2M systemd[289]: Removed slice app.slice - User Application Slice.
Jun 08 13:10:58 NDV-huyhung2M systemd[289]: Reached target shutdown.target - Shutdown.
Jun 08 13:10:58 NDV-huyhung2M systemd[289]: Finished systemd-exit.service - Exit the Session.
Jun 08 13:10:58 NDV-huyhung2M systemd[289]: Reached target exit.target - Exit the Session.
Jun 08 13:10:58 NDV-huyhung2M systemd[1]: user@1000.service: Deactivated successfully.
Jun 08 13:10:58 NDV-huyhung2M systemd[1]: Stopped user@1000.service - User Manager for UID 1000.
Jun 08 13:10:58 NDV-huyhung2M systemd[1]: Stopping user-runtime-dir@1000.service - User Runtime Directory /run/user/1000...
Jun 08 13:10:58 NDV-huyhung2M systemd[1]: mnt-wslg-run-user-1000.mount: Deactivated successfully.
Jun 08 13:10:58 NDV-huyhung2M systemd[1]: run-user-1000.mount: Deactivated successfully.
Jun 08 13:10:58 NDV-huyhung2M systemd[1]: user-runtime-dir@1000.service: Deactivated successfully.
Jun 08 13:10:58 NDV-huyhung2M systemd[1]: Stopped user-runtime-dir@1000.service - User Runtime Directory /run/user/1000.
Jun 08 13:10:58 NDV-huyhung2M systemd[1]: Removed slice user-1000.slice - User Slice of UID 1000.
Jun 08 13:11:22 NDV-huyhung2M wsl-pro-service[157]: WARNING Daemon: could not connect to Windows Agent: could not get address: could not read agent port file "/mnt/c/Users/Huy.Hung/.ubuntupro/.address": open /mnt/c/Users/Huy.Hung/.ubuntupro/.address: no such file or directory
```

---

## Step 59 - PLANNER_RESPONSE (MODEL)
* **Status**: DONE | **Created At**: 2026-06-08T06:16:54Z

### 🧠 Assistant Thoughts
```text
**Observing System Failures**

I've been analyzing some system logs and noticed some concerning "oom-kill" errors related to the `init.scope`. This suggests potential resource exhaustion or memory issues. I am going to investigate further to determine the root cause, but this timeout and failure have me concerned.
```

### 🛠️ Proposed Tool Calls
* **Tool**: `run_command`
  **Arguments**:
  ```json
{
  "CommandLine": "journalctl --since \"2026-06-08 13:00:00\" --until \"2026-06-08 13:10:48\" | grep -i -E \"oom|kill|memory|swap|alloc\" -C 3 | head -n 200",
  "Cwd": "/home/huyhung",
  "WaitMsBeforeAsync": 5000,
  "toolAction": "Searching for OOM/memory events in journalctl",
  "toolSummary": "OOM search"
}
  ```

---

## Step 60 - RUN_COMMAND (MODEL)
* **Status**: DONE | **Created At**: 2026-06-08T06:16:56Z

### 📄 Content
```text
Created At: 2026-06-08T06:16:56Z
Completed At: 2026-06-08T06:16:56Z

				The command completed successfully.
				Output:
				<truncated 103 lines>
Jun 08 13:02:56 NDV-huyhung2M kernel:  filemap_alloc_folio+0xed/0x100
Jun 08 13:02:56 NDV-huyhung2M kernel:  __filemap_get_folio+0x17f/0x2c0
Jun 08 13:02:56 NDV-huyhung2M kernel:  filemap_fault+0x15e/0xbd0
Jun 08 13:02:56 NDV-huyhung2M kernel:  __do_fault+0x36/0x180
--
Jun 08 13:02:56 NDV-huyhung2M kernel: Node 0 hugepages_total=0 hugepages_free=0 hugepages_surp=0 hugepages_size=1048576kB
Jun 08 13:02:56 NDV-huyhung2M kernel: Node 0 hugepages_total=0 hugepages_free=0 hugepages_surp=0 hugepages_size=2048kB
Jun 08 13:02:56 NDV-huyhung2M kernel: 4916 total pagecache pages
Jun 08 13:02:56 NDV-huyhung2M kernel: 2997 pages in swap cache
Jun 08 13:02:56 NDV-huyhung2M kernel: Free swap  = 0kB
Jun 08 13:02:56 NDV-huyhung2M kernel: Total swap = 4194304kB
Jun 08 13:02:56 NDV-huyhung2M kernel: 4165279 pages RAM
Jun 08 13:02:56 NDV-huyhung2M kernel: 0 pages HighMem/MovableOnly
Jun 08 13:02:56 NDV-huyhung2M kernel: 100241 pages reserved
Jun 08 13:02:56 NDV-huyhung2M kernel: 0 pages hwpoisoned
Jun 08 13:02:56 NDV-huyhung2M kernel: Tasks state (memory values in pages):
Jun 08 13:02:56 NDV-huyhung2M kernel: [  pid  ]   uid  tgid total_vm      rss pgtables_bytes swapents oom_score_adj name
Jun 08 13:02:56 NDV-huyhung2M kernel: [    285]     0   285      791      120    49152        0             0 DebugShell
Jun 08 13:02:56 NDV-huyhung2M kernel: [    287]     0   287     1469      200    53248        0             0 agetty
Jun 08 13:02:56 NDV-huyhung2M kernel: [    293]   999   293     1155      240    49152        0             0 chronyd
--
Jun 08 13:02:56 NDV-huyhung2M kernel: [ 179589]  1000 179589    44543     3329   114688        0             0 python3
Jun 08 13:02:56 NDV-huyhung2M kernel: [ 185792]  1000 185792     1465      477    57344        0             0 zsh
Jun 08 13:02:56 NDV-huyhung2M kernel: [ 185794]  1000 185794  2017232   800100  8839168        0             0 python3
Jun 08 13:02:56 NDV-huyhung2M kernel: oom-kill:constraint=CONSTRAINT_NONE,nodemask=(null),cpuset=/,mems_allowed=0,global_oom,task_memcg=/user.slice/user-1000.slice/user@1000.service/session.slice/xdg-permission-store.service,task=xdg-permission-,pid=143948,uid=1000
Jun 08 13:02:56 NDV-huyhung2M kernel: Out of memory: Killed process 143948 (xdg-permission-) total-vm:304148kB, anon-rss:320kB, file-rss:960kB, shmem-rss:0kB, UID:1000 pgtables:92kB oom_score_adj:200
Jun 08 13:02:56 NDV-huyhung2M kernel: rs:main Q:Reg invoked oom-killer: gfp_mask=0x140cca(GFP_HIGHUSER_MOVABLE|__GFP_COMP), order=0, oom_score_adj=0
Jun 08 13:02:56 NDV-huyhung2M kernel: CPU: 19 PID: 596 Comm: rs:main Q:Reg Not tainted 6.6.114.1-microsoft-standard-WSL2 #1
Jun 08 13:02:56 NDV-huyhung2M kernel: Call Trace:
Jun 08 13:02:56 NDV-huyhung2M kernel:  <TASK>
Jun 08 13:02:56 NDV-huyhung2M kernel:  dump_stack_lvl+0x4c/0x70
Jun 08 13:02:56 NDV-huyhung2M kernel:  dump_stack+0x14/0x20
Jun 08 13:02:56 NDV-huyhung2M kernel:  dump_header+0x51/0x260
Jun 08 13:02:56 NDV-huyhung2M kernel:  oom_kill_process+0x105/0x1a0
Jun 08 13:02:56 NDV-huyhung2M kernel:  out_of_memory+0x25d/0x550
Jun 08 13:02:56 NDV-huyhung2M kernel:  __alloc_pages_slowpath.constprop.0+0xc31/0xee0
Jun 08 13:02:56 NDV-huyhung2M kernel:  __alloc_pages+0x30c/0x340
Jun 08 13:02:56 NDV-huyhung2M kernel:  alloc_pages+0x94/0x150
Jun 08 13:02:56 NDV-huyhung2M kernel:  folio_alloc+0x19/0x40
Jun 08 13:02:56 NDV-huyhung2M kernel:  filemap_alloc_folio+0xed/0x100
Jun 08 13:02:56 NDV-huyhung2M kernel:  __filemap_get_folio+0x17f/0x2c0
Jun 08 13:02:56 NDV-huyhung2M kernel:  filemap_fault+0x15e/0xbd0
Jun 08 13:02:56 NDV-huyhung2M kernel:  __do_fault+0x36/0x180
--
Jun 08 13:02:56 NDV-huyhung2M kernel: Node 0 hugepages_total=0 hugepages_free=0 hugepages_surp=0 hugepages_size=1048576kB
Jun 08 13:02:56 NDV-huyhung2M kernel: Node 0 hugepages_total=0 hugepages_free=0 hugepages_surp=0 hugepages_size=2048kB
Jun 08 13:02:56 NDV-huyhung2M kernel: 4897 total pagecache pages
Jun 08 13:02:56 NDV-huyhung2M kernel: 2998 pages in swap cache
Jun 08 13:02:56 NDV-huyhung2M kernel: Free swap  = 0kB
Jun 08 13:02:56 NDV-huyhung2M kernel: Total swap = 4194304kB
Jun 08 13:02:56 NDV-huyhung2M kernel: 4165279 pages RAM
Jun 08 13:02:56 NDV-huyhung2M kernel: 0 pages HighMem/MovableOnly
Jun 08 13:02:56 NDV-huyhung2M kernel: 100241 pages reserved
Jun 08 13:02:56 NDV-huyhung2M kernel: 0 pages hwpoisoned
Jun 08 13:02:56 NDV-huyhung2M kernel: Tasks state (memory values in pages):
Jun 08 13:02:56 NDV-huyhung2M kernel: [  pid  ]   uid  tgid total_vm      rss pgtables_bytes swapents oom_score_adj name
Jun 08 13:02:56 NDV-huyhung2M kernel: [    285]     0   285      791      120    49152        0             0 DebugShell
Jun 08 13:02:56 NDV-huyhung2M kernel: [    287]     0   287     1469      200    53248        0             0 agetty
Jun 08 13:02:56 NDV-huyhung2M kernel: [    293]   999   293     1155      240    49152        0             0 chronyd
--
Jun 08 13:02:56 NDV-huyhung2M kernel: [ 179589]  1000 179589    44543     3329   114688        0             0 python3
Jun 08 13:02:56 NDV-huyhung2M kernel: [ 185792]  1000 185792     1465      477    57344        0             0 zsh
Jun 08 13:02:56 NDV-huyhung2M kernel: [ 185794]  1000 185794  2017232   800180  8839168        0             0 python3
Jun 08 13:02:56 NDV-huyhung2M kernel: oom-kill:constraint=CONSTRAINT_NONE,nodemask=(null),cpuset=/,mems_allowed=0,global_oom,task_memcg=/user.slice/user-1000.slice/user@1000.service/session.slice/at-spi-dbus-bus.service,task=dbus-daemon,pid=143968,uid=1000
Jun 08 13:02:56 NDV-huyhung2M kernel: Out of memory: Killed process 143968 (dbus-daemon) total-vm:9292kB, anon-rss:320kB, file-rss:640kB, shmem-rss:0kB, UID:1000 pgtables:60kB oom_score_adj:200
Jun 08 13:02:56 NDV-huyhung2M kernel: python3 invoked oom-killer: gfp_mask=0x140cca(GFP_HIGHUSER_MOVABLE|__GFP_COMP), order=0, oom_score_adj=0
Jun 08 13:02:56 NDV-huyhung2M kernel: CPU: 13 PID: 179589 Comm: python3 Not tainted 6.6.114.1-microsoft-standard-WSL2 #1
Jun 08 13:02:56 NDV-huyhung2M kernel: Call Trace:
Jun 08 13:02:56 NDV-huyhung2M kernel:  <TASK>
Jun 08 13:02:56 NDV-huyhung2M kernel:  dump_stack_lvl+0x4c/0x70
Jun 08 13:02:56 NDV-huyhung2M kernel:  dump_stack+0x14/0x20
Jun 08 13:02:56 NDV-huyhung2M kernel:  dump_header+0x51/0x260
Jun 08 13:02:56 NDV-huyhung2M kernel:  oom_kill_process+0x105/0x1a0
Jun 08 13:02:56 NDV-huyhung2M kernel:  out_of_memory+0x25d/0x550
Jun 08 13:02:56 NDV-huyhung2M kernel:  __alloc_pages_slowpath.constprop.0+0xc31/0xee0
Jun 08 13:02:56 NDV-huyhung2M kernel:  __alloc_pages+0x30c/0x340
Jun 08 13:02:56 NDV-huyhung2M kernel:  alloc_pages+0x94/0x150
Jun 08 13:02:56 NDV-huyhung2M kernel:  folio_alloc+0x19/0x40
Jun 08 13:02:56 NDV-huyhung2M kernel:  filemap_alloc_folio+0xed/0x100
Jun 08 13:02:56 NDV-huyhung2M kernel:  __filemap_get_folio+0x17f/0x2c0
Jun 08 13:02:56 NDV-huyhung2M kernel:  filemap_fault+0x15e/0xbd0
Jun 08 13:02:56 NDV-huyhung2M kernel:  __do_fault+0x36/0x180
--
Jun 08 13:02:56 NDV-huyhung2M kernel: Node 0 hugepages_total=0 hugepages_free=0 hugepages_surp=0 hugepages_size=1048576kB
Jun 08 13:02:56 NDV-huyhung2M kernel: Node 0 hugepages_total=0 hugepages_free=0 hugepages_surp=0 hugepages_size=2048kB
Jun 08 13:02:56 NDV-huyhung2M kernel: 4698 total pagecache pages
Jun 08 13:02:56 NDV-huyhung2M kernel: 2998 pages in swap cache
Jun 08 13:02:56 NDV-huyhung2M kernel: Free swap  = 0kB
Jun 08 13:02:56 NDV-huyhung2M kernel: Total swap = 4194304kB
Jun 08 13:02:56 NDV-huyhung2M kernel: 4165279 pages RAM
Jun 08 13:02:56 NDV-huyhung2M kernel: 0 pages HighMem/MovableOnly
Jun 08 13:02:56 NDV-huyhung2M kernel: 100241 pages reserved
Jun 08 13:02:56 NDV-huyhung2M kernel: 0 pages hwpoisoned
Jun 08 13:02:56 NDV-huyhung2M kernel: Tasks state (memory values in pages):
Jun 08 13:02:56 NDV-huyhung2M kernel: [  pid  ]   uid  tgid total_vm      rss pgtables_bytes swapents oom_score_adj name
Jun 08 13:02:56 NDV-huyhung2M kernel: [    285]     0   285      791      120    49152        0             0 DebugShell
Jun 08 13:02:56 NDV-huyhung2M kernel: [    287]     0   287     1469      200    53248        0             0 agetty
```

---

## Step 61 - PLANNER_RESPONSE (MODEL)
* **Status**: DONE | **Created At**: 2026-06-08T06:16:56Z

### 🧠 Assistant Thoughts
```text
**Analyzing Memory Footprint**

I've been looking over the OOM dump process table entry. Specifically, I'm focusing on the `rss` value of `800100` pages for the `python3` process. Now, I need to convert that number of pages into a more understandable unit to gain a better sense of memory usage.
```

### 🛠️ Proposed Tool Calls
* **Tool**: `run_command`
  **Arguments**:
  ```json
{
  "CommandLine": "journalctl --since \"2026-06-08 13:02:40\" --until \"2026-06-08 13:03:10\" | grep \"kernel: \\[\" | awk '{print $11, $12, $7, $8}' | sort -n -k 3 | tail -n 40",
  "Cwd": "/home/huyhung",
  "WaitMsBeforeAsync": 5000,
  "toolAction": "Parsing OOM process list to find top memory consumers",
  "toolSummary": "OOM process analysis"
}
  ```

---

## Step 62 - RUN_COMMAND (MODEL)
* **Status**: DONE | **Created At**: 2026-06-08T06:16:59Z

### 📄 Content
```text
Created At: 2026-06-08T06:16:59Z
Completed At: 2026-06-08T06:17:00Z

				The command completed successfully.
				Output:
				8228 1351680 179323] 1000
8228 1351680 179323] 1000
8228 1351680 179323] 1000
200 53248 179330] 1000
200 53248 179330] 1000
200 53248 179330] 1000
200 53248 179330] 1000
200 53248 179330] 1000
200 53248 179330] 1000
5598 987136 179331] 1000
5598 987136 179331] 1000
5598 987136 179331] 1000
5598 987136 179331] 1000
5598 987136 179331] 1000
5598 987136 179331] 1000
240 57344 179586] 1000
240 57344 179586] 1000
240 57344 179586] 1000
240 57344 179586] 1000
240 57344 179586] 1000
240 57344 179586] 1000
3329 114688 179589] 1000
3329 114688 179589] 1000
3329 114688 179589] 1000
3329 114688 179589] 1000
3329 114688 179589] 1000
3369 114688 179589] 1000
477 57344 185792] 1000
477 57344 185792] 1000
477 57344 185792] 1000
477 57344 185792] 1000
477 57344 185792] 1000
477 57344 185792] 1000
799820 8839168 185794] 1000
800060 8839168 185794] 1000
800060 8839168 185794] 1000
800100 8839168 185794] 1000
800180 8839168 185794] 1000
800220 8839168 185794] 1000
453 45056 185892] 1000
```

---

## Step 63 - PLANNER_RESPONSE (MODEL)
* **Status**: DONE | **Created At**: 2026-06-08T06:17:00Z

### 🧠 Assistant Thoughts
```text
**Analyzing Memory Usage**

I've discovered a slight offset in the `awk` column index due to formatting. Examining the printed output, I see a process, PID 185794, consuming approximately 3.2 GB of RSS memory (800220 pages). I'm now verifying if that's the only process with significant memory use.


**Investigating Process Details**

I'm now writing a Python script to parse journal logs. I aim to extract and sum the RSS memory usage of processes listed around the specified time frame, specifically looking for those in the 'Tasks state' block of the OOM report. The goal is to pinpoint the exact processes involved in the memory event. I'm focusing on parsing the output of `journalctl` directly to get the needed details.
```

### 🛠️ Proposed Tool Calls
* **Tool**: `run_command`
  **Arguments**:
  ```json
{
  "CommandLine": "python3 -c \"\nimport subprocess\nimport re\n\nlogs = subprocess.check_output(['journalctl', '--since', '2026-06-08 13:02:40', '--until', '2026-06-08 13:03:10']).decode('utf-8')\nlines = logs.split('\\n')\nin_table = False\nprocesses = []\nfor line in lines:\n    if 'Tasks state' in line:\n        in_table = True\n        processes = []\n        continue\n    if in_table:\n        if 'oom-kill:' in line or 'Out of memory:' in line:\n            in_table = False\n            if processes:\n                print('--- OOM Event ---')\n                # Deduplicate processes by PID\n                unique_proc = {p['pid']: p for p in processes}.values()\n                sorted_proc = sorted(unique_proc, key=lambda x: x['rss'], reverse=True)\n                for p in sorted_proc[:30]:\n                    print(f'PID: {p[\\\"pid\\\"]:<6} | RSS: {p[\\\"rss_mb\\\"]:>7.2f} MB | VM: {p[\\\"vm_mb\\\"]:>7.2f} MB | Name: {p[\\\"name\\\"]}')\n            continue\n        match = re.search(r'kernel:\\s+\\[\\s*(\\d+)\\s*\\]\\s+(\\d+)\\s+(\\d+)\\s+(\\d+)\\s+(\\d+)\\s+(\\d+)\\s+(\\d+)\\s+(-?\\d+)\\s+(\\S+)', line)\n        if match:\n            pid = int(match.group(1))\n            uid = int(match.group(2))\n            total_vm = int(match.group(4))\n            rss = int(match.group(5))\n            name = match.group(9)\n            processes.append({\n                'pid': pid,\n                'rss': rss,\n                'rss_mb': rss * 4096 / 1024 / 1024,\n                'vm_mb': total_vm * 4096 / 1024 / 1024,\n                'name': name\n            })\n\"",
  "Cwd": "/home/huyhung",
  "WaitMsBeforeAsync": 5000,
  "toolAction": "Executing Python parser for OOM logs",
  "toolSummary": "Parse OOM logs"
}
  ```

---

## Step 64 - RUN_COMMAND (MODEL)
* **Status**: DONE | **Created At**: 2026-06-08T06:17:03Z

### 📄 Content
```text
Created At: 2026-06-08T06:17:03Z
Completed At: 2026-06-08T06:17:03Z

				The command completed successfully.
				Output:
				<truncated 21 lines>
PID: 177171 | RSS:  127.25 MB | VM: 3787.84 MB | Name: agy
PID: 5806   | RSS:  110.80 MB | VM: 4812.21 MB | Name: agy
PID: 4902   | RSS:  102.19 MB | VM: 3780.14 MB | Name: agy
PID: 5584   | RSS:  101.30 MB | VM: 3851.72 MB | Name: agy
PID: 2193   | RSS:  101.27 MB | VM: 3788.14 MB | Name: agy
PID: 5350   | RSS:  100.30 MB | VM: 4812.15 MB | Name: agy
PID: 1976   | RSS:   99.58 MB | VM: 4804.58 MB | Name: agy
PID: 1696   | RSS:   98.25 MB | VM: 3970.88 MB | Name: agy
PID: 14162  | RSS:   91.45 MB | VM:  283.72 MB | Name: python
PID: 14593  | RSS:   91.44 MB | VM:  283.72 MB | Name: python
--- OOM Event ---
PID: 185794 | RSS: 3125.23 MB | VM: 7879.81 MB | Name: python3
PID: 4176   | RSS: 1019.68 MB | VM: 37861.02 MB | Name: MainThread
PID: 4204   | RSS:  840.37 MB | VM: 2420.54 MB | Name: MainThread
PID: 49786  | RSS:  454.04 MB | VM: 1787.85 MB | Name: MainThread
PID: 54546  | RSS:  383.09 MB | VM: 73151.07 MB | Name: claude
PID: 178650 | RSS:  293.31 MB | VM: 5039.21 MB | Name: agy
PID: 4939   | RSS:  192.96 MB | VM: 10021.62 MB | Name: MainThread
PID: 4863   | RSS:  184.52 MB | VM: 1819.45 MB | Name: MainThread
PID: 137807 | RSS:  149.28 MB | VM: 1488.44 MB | Name: MainThread
PID: 15203  | RSS:  134.18 MB | VM: 3780.64 MB | Name: agy
PID: 98288  | RSS:  133.57 MB | VM: 3803.14 MB | Name: agy
PID: 176899 | RSS:  133.20 MB | VM: 4811.90 MB | Name: agy
PID: 49785  | RSS:  132.91 MB | VM: 1476.05 MB | Name: MainThread
PID: 97957  | RSS:  132.89 MB | VM: 4812.06 MB | Name: agy
PID: 14786  | RSS:  132.62 MB | VM: 3788.46 MB | Name: agy
PID: 14391  | RSS:  130.32 MB | VM: 4812.46 MB | Name: agy
PID: 98848  | RSS:  129.79 MB | VM: 4755.09 MB | Name: agy
PID: 177695 | RSS:  129.09 MB | VM: 3787.96 MB | Name: agy
PID: 177447 | RSS:  127.73 MB | VM: 3780.46 MB | Name: agy
PID: 13950  | RSS:  127.42 MB | VM: 3779.63 MB | Name: agy
PID: 177171 | RSS:  127.10 MB | VM: 3787.84 MB | Name: agy
PID: 5806   | RSS:  110.64 MB | VM: 4812.21 MB | Name: agy
PID: 4902   | RSS:  101.88 MB | VM: 3780.14 MB | Name: agy
PID: 5584   | RSS:  101.14 MB | VM: 3851.72 MB | Name: agy
PID: 5350   | RSS:  100.77 MB | VM: 4812.15 MB | Name: agy
PID: 2193   | RSS:  100.33 MB | VM: 3788.14 MB | Name: agy
PID: 1976   | RSS:   99.74 MB | VM: 4804.58 MB | Name: agy
PID: 1696   | RSS:   98.10 MB | VM: 3970.88 MB | Name: agy
PID: 14162  | RSS:   91.45 MB | VM:  283.72 MB | Name: python
PID: 14593  | RSS:   91.44 MB | VM:  283.72 MB | Name: python
--- OOM Event ---
PID: 185794 | RSS: 3125.39 MB | VM: 7879.81 MB | Name: python3
PID: 4176   | RSS: 1019.68 MB | VM: 37861.02 MB | Name: MainThread
PID: 4204   | RSS:  840.37 MB | VM: 2420.54 MB | Name: MainThread
PID: 49786  | RSS:  454.04 MB | VM: 1787.85 MB | Name: MainThread
PID: 54546  | RSS:  383.52 MB | VM: 73151.07 MB | Name: claude
PID: 178650 | RSS:  293.00 MB | VM: 5039.21 MB | Name: agy
PID: 4939   | RSS:  192.96 MB | VM: 10021.62 MB | Name: MainThread
PID: 4863   | RSS:  184.52 MB | VM: 1819.45 MB | Name: MainThread
PID: 137807 | RSS:  149.28 MB | VM: 1488.44 MB | Name: MainThread
PID: 15203  | RSS:  134.18 MB | VM: 3780.64 MB | Name: agy
PID: 98288  | RSS:  133.57 MB | VM: 3803.14 MB | Name: agy
PID: 176899 | RSS:  133.36 MB | VM: 4811.90 MB | Name: agy
PID: 49785  | RSS:  132.91 MB | VM: 1476.05 MB | Name: MainThread
PID: 97957  | RSS:  132.89 MB | VM: 4812.06 MB | Name: agy
PID: 14786  | RSS:  132.30 MB | VM: 3788.46 MB | Name: agy
PID: 14391  | RSS:  130.79 MB | VM: 4812.46 MB | Name: agy
PID: 98848  | RSS:  129.79 MB | VM: 4755.09 MB | Name: agy
PID: 177695 | RSS:  129.40 MB | VM: 3787.96 MB | Name: agy
PID: 177447 | RSS:  128.05 MB | VM: 3780.46 MB | Name: agy
PID: 177171 | RSS:  127.41 MB | VM: 3787.84 MB | Name: agy
PID: 13950  | RSS:  127.26 MB | VM: 3779.63 MB | Name: agy
PID: 5806   | RSS:  110.49 MB | VM: 4812.21 MB | Name: agy
PID: 4902   | RSS:  101.88 MB | VM: 3780.14 MB | Name: agy
PID: 5584   | RSS:  101.61 MB | VM: 3851.72 MB | Name: agy
PID: 2193   | RSS:  100.80 MB | VM: 3788.14 MB | Name: agy
PID: 5350   | RSS:  100.46 MB | VM: 4812.15 MB | Name: agy
PID: 1976   | RSS:   99.58 MB | VM: 4804.58 MB | Name: agy
PID: 1696   | RSS:   98.41 MB | VM: 3970.88 MB | Name: agy
PID: 14162  | RSS:   91.45 MB | VM:  283.72 MB | Name: python
PID: 14593  | RSS:   91.44 MB | VM:  283.72 MB | Name: python
--- OOM Event ---
PID: 185794 | RSS: 3125.70 MB | VM: 7879.81 MB | Name: python3
PID: 4176   | RSS: 1019.52 MB | VM: 37861.02 MB | Name: MainThread
PID: 4204   | RSS:  840.05 MB | VM: 2420.54 MB | Name: MainThread
PID: 49786  | RSS:  454.04 MB | VM: 1787.85 MB | Name: MainThread
PID: 54546  | RSS:  383.36 MB | VM: 73151.07 MB | Name: claude
PID: 178650 | RSS:  293.16 MB | VM: 5039.21 MB | Name: agy
PID: 4939   | RSS:  192.96 MB | VM: 10021.62 MB | Name: MainThread
PID: 4863   | RSS:  184.52 MB | VM: 1819.45 MB | Name: MainThread
PID: 137807 | RSS:  149.28 MB | VM: 1488.44 MB | Name: MainThread
PID: 15203  | RSS:  134.64 MB | VM: 3780.64 MB | Name: agy
PID: 98288  | RSS:  133.73 MB | VM: 3803.14 MB | Name: agy
PID: 176899 | RSS:  133.52 MB | VM: 4811.90 MB | Name: agy
PID: 49785  | RSS:  132.91 MB | VM: 1476.05 MB | Name: MainThread
PID: 97957  | RSS:  132.89 MB | VM: 4812.06 MB | Name: agy
PID: 14786  | RSS:  132.77 MB | VM: 3788.46 MB | Name: agy
PID: 14391  | RSS:  130.63 MB | VM: 4812.46 MB | Name: agy
PID: 98848  | RSS:  129.79 MB | VM: 4755.09 MB | Name: agy
PID: 177695 | RSS:  128.77 MB | VM: 3787.96 MB | Name: agy
PID: 177447 | RSS:  127.73 MB | VM: 3780.46 MB | Name: agy
PID: 13950  | RSS:  127.42 MB | VM: 3779.63 MB | Name: agy
PID: 177171 | RSS:  127.25 MB | VM: 3787.84 MB | Name: agy
PID: 5806   | RSS:  110.33 MB | VM: 4812.21 MB | Name: agy
PID: 4902   | RSS:  101.88 MB | VM: 3780.14 MB | Name: agy
PID: 5584   | RSS:  101.77 MB | VM: 3851.72 MB | Name: agy
PID: 2193   | RSS:  100.96 MB | VM: 3788.14 MB | Name: agy
PID: 5350   | RSS:  100.30 MB | VM: 4812.15 MB | Name: agy
PID: 1976   | RSS:   99.89 MB | VM: 4804.58 MB | Name: agy
PID: 1696   | RSS:   97.94 MB | VM: 3970.88 MB | Name: agy
PID: 14162  | RSS:   91.45 MB | VM:  283.72 MB | Name: python
PID: 14593  | RSS:   91.44 MB | VM:  283.72 MB | Name: python
--- OOM Event ---
PID: 185794 | RSS: 3125.86 MB | VM: 7879.81 MB | Name: python3
PID: 4176   | RSS: 1019.52 MB | VM: 37861.02 MB | Name: MainThread
PID: 4204   | RSS:  840.05 MB | VM: 2420.54 MB | Name: MainThread
PID: 49786  | RSS:  454.04 MB | VM: 1787.85 MB | Name: MainThread
PID: 54546  | RSS:  383.36 MB | VM: 73151.07 MB | Name: claude
PID: 178650 | RSS:  293.16 MB | VM: 5039.21 MB | Name: agy
PID: 4939   | RSS:  192.96 MB | VM: 10021.62 MB | Name: MainThread
PID: 4863   | RSS:  184.52 MB | VM: 1819.45 MB | Name: MainThread
PID: 137807 | RSS:  149.28 MB | VM: 1488.44 MB | Name: MainThread
PID: 15203  | RSS:  134.80 MB | VM: 3780.64 MB | Name: agy
PID: 98288  | RSS:  134.04 MB | VM: 3803.14 MB | Name: agy
PID: 176899 | RSS:  133.36 MB | VM: 4811.90 MB | Name: agy
PID: 97957  | RSS:  133.20 MB | VM: 4812.06 MB | Name: agy
PID: 14786  | RSS:  132.93 MB | VM: 3788.46 MB | Name: agy
PID: 49785  | RSS:  132.91 MB | VM: 1476.05 MB | Name: MainThread
PID: 14391  | RSS:  130.47 MB | VM: 4812.46 MB | Name: agy
PID: 98848  | RSS:  129.95 MB | VM: 4755.09 MB | Name: agy
PID: 177695 | RSS:  129.24 MB | VM: 3787.96 MB | Name: agy
PID: 177447 | RSS:  127.58 MB | VM: 3780.46 MB | Name: agy
PID: 13950  | RSS:  127.42 MB | VM: 3779.63 MB | Name: agy
PID: 177171 | RSS:  127.10 MB | VM: 3787.84 MB | Name: agy
PID: 5806   | RSS:  110.64 MB | VM: 4812.21 MB | Name: agy
PID: 5584   | RSS:  101.92 MB | VM: 3851.72 MB | Name: agy
PID: 4902   | RSS:  101.88 MB | VM: 3780.14 MB | Name: agy
PID: 2193   | RSS:  100.80 MB | VM: 3788.14 MB | Name: agy
PID: 5350   | RSS:  100.46 MB | VM: 4812.15 MB | Name: agy
PID: 1976   | RSS:   99.89 MB | VM: 4804.58 MB | Name: agy
PID: 1696   | RSS:   98.25 MB | VM: 3970.88 MB | Name: agy
PID: 14162  | RSS:   91.45 MB | VM:  283.72 MB | Name: python
PID: 14593  | RSS:   91.44 MB | VM:  283.72 MB | Name: python
```

---

## Step 65 - PLANNER_RESPONSE (MODEL)
* **Status**: DONE | **Created At**: 2026-06-08T06:17:03Z

### 🛠️ Proposed Tool Calls
* **Tool**: `run_command`
  **Arguments**:
  ```json
{
  "CommandLine": "ps aux | grep -i -E \"agy|claude|python3\"",
  "Cwd": "/home/huyhung",
  "WaitMsBeforeAsync": 5000,
  "toolAction": "Checking current running processes",
  "toolSummary": "Process list"
}
  ```

---

## Step 66 - RUN_COMMAND (MODEL)
* **Status**: DONE | **Created At**: 2026-06-08T06:17:06Z

### 📄 Content
```text
Created At: 2026-06-08T06:17:06Z
Completed At: 2026-06-08T06:17:06Z

				The command completed successfully.
				Output:
				root         198  0.0  0.1 107008 22760 ?        Ssl  13:13   0:00 /usr/bin/python3 /usr/share/unattended-upgrades/unattended-upgrade-shutdown --wait-for-signal
huyhung     1226 16.0  1.9 5240648 316036 pts/0  Sl+  13:13   0:32 agy
huyhung     1502  0.0  0.0   4756  3348 pts/2    Ss+  13:17   0:00 bash -c ps aux | grep -i -E "agy|claude|python3"
huyhung     1504  0.0  0.0   4100  2164 pts/2    S+   13:17   0:00 grep -i -E agy|claude|python3
```

---

## Step 67 - PLANNER_RESPONSE (MODEL)
* **Status**: DONE | **Created At**: 2026-06-08T06:17:06Z

### 🧠 Assistant Thoughts
```text
**Investigating Agys' Behavior**

I'm currently observing just one `agy` process running now. However, I'm trying to figure out the discrepancy with the OOM logs that show a multitude of `agy` processes previously. This suggests a potential issue related to background spawning. I'm focusing on that angle to understand the earlier resource consumption.
```

### 🛠️ Proposed Tool Calls
* **Tool**: `run_command`
  **Arguments**:
  ```json
{
  "CommandLine": "python3 -c \"\nimport subprocess\nimport re\nfrom collections import Counter\n\nlogs = subprocess.check_output(['journalctl', '--since', '2026-06-08 13:02:40', '--until', '2026-06-08 13:03:10']).decode('utf-8')\nlines = logs.split('\\n')\nin_table = False\nprocesses = []\nfor line in lines:\n    if 'Tasks state' in line:\n        in_table = True\n        processes = []\n        continue\n    if in_table:\n        if 'oom-kill:' in line or 'Out of memory:' in line:\n            in_table = False\n            if processes:\n                # Deduplicate by PID\n                unique_proc = {p['pid']: p for p in processes}.values()\n                counts = Counter(p['name'] for p in unique_proc)\n                print('--- OOM Event Process Counts ---')\n                for name, count in counts.most_common():\n                    print(f'{name}: {count}')\n                \n                # Print total RSS memory of all agy processes combined\n                agy_rss = sum(p['rss_mb'] for p in unique_proc if p['name'] == 'agy')\n                print(f'Total RSS of all \\\"agy\\\" processes: {agy_rss:.2f} MB')\n            continue\n        match = re.search(r'kernel:\\s+\\[\\s*(\\d+)\\s*\\]\\s+(\\d+)\\s+(\\d+)\\s+(\\d+)\\s+(\\d+)\\s+(\\d+)\\s+(\\d+)\\s+(-?\\d+)\\s+(\\S+)', line)\n        if match:\n            pid = int(match.group(1))\n            total_vm = int(match.group(4))\n            rss = int(match.group(5))\n            name = match.group(9)\n            processes.append({\n                'pid': pid,\n                'rss': rss,\n                'rss_mb': rss * 4096 / 1024 / 1024,\n                'name': name\n            })\n\"",
  "Cwd": "/home/huyhung",
  "WaitMsBeforeAsync": 5000,
  "toolAction": "Counting process types in OOM logs",
  "toolSummary": "OOM process counting"
}
  ```

---

## Step 68 - RUN_COMMAND (MODEL)
* **Status**: DONE | **Created At**: 2026-06-08T06:17:09Z

### 📄 Content
```text
Created At: 2026-06-08T06:17:09Z
Completed At: 2026-06-08T06:17:10Z

				The command completed successfully.
				Output:
				--- OOM Event Process Counts ---
MainThread: 124
sh: 112
npm: 109
zsh: 22
agy: 19
uv: 11
python: 11
dbus-daemon: 5
gitstatusd-linu: 5
init: 4
SessionLeader: 4
agetty: 2
systemd: 2
fusermount3: 2
python3: 2
DebugShell: 1
chronyd: 1
GnsEngine: 1
init(): 1
init-systemd(Ub: 1
WSLGd: 1
weston: 1
pulseaudio: 1
Xwayland: 1
systemd-journal: 1
systemd-udevd: 1
systemd-resolve: 1
systemd-timesyn: 1
cron: 1
systemd-logind: 1
rsyslogd: 1
unattended-upgr: 1
Relay(286): 1
login: 1
(sd-pam): 1
Relay(2059): 1
Relay(3741): 1
Relay(3750): 1
codex: 1
claude: 1
xdg-permission-: 1
bash: 1
Total RSS of all "agy" processes: 2446.16 MB
--- OOM Event Process Counts ---
MainThread: 124
sh: 112
npm: 109
zsh: 22
agy: 19
uv: 11
python: 11
dbus-daemon: 5
gitstatusd-linu: 5
init: 4
SessionLeader: 4
agetty: 2
systemd: 2
python3: 2
DebugShell: 1
chronyd: 1
GnsEngine: 1
init(): 1
init-systemd(Ub: 1
WSLGd: 1
weston: 1
pulseaudio: 1
Xwayland: 1
systemd-journal: 1
systemd-udevd: 1
systemd-resolve: 1
systemd-timesyn: 1
cron: 1
systemd-logind: 1
rsyslogd: 1
unattended-upgr: 1
Relay(286): 1
login: 1
(sd-pam): 1
Relay(2059): 1
Relay(3741): 1
Relay(3750): 1
codex: 1
claude: 1
xdg-permission-: 1
fusermount3: 1
bash: 1
Total RSS of all "agy" processes: 2443.82 MB
--- OOM Event Process Counts ---
MainThread: 124
sh: 112
npm: 109
zsh: 22
agy: 19
uv: 11
python: 11
gitstatusd-linu: 5
init: 4
dbus-daemon: 4
SessionLeader: 4
agetty: 2
systemd: 2
python3: 2
DebugShell: 1
chronyd: 1
GnsEngine: 1
init(): 1
init-systemd(Ub: 1
WSLGd: 1
weston: 1
pulseaudio: 1
Xwayland: 1
systemd-journal: 1
systemd-udevd: 1
systemd-resolve: 1
systemd-timesyn: 1
cron: 1
systemd-logind: 1
rsyslogd: 1
unattended-upgr: 1
Relay(286): 1
login: 1
(sd-pam): 1
Relay(2059): 1
Relay(3741): 1
Relay(3750): 1
codex: 1
claude: 1
xdg-permission-: 1
fusermount3: 1
bash: 1
Total RSS of all "agy" processes: 2445.23 MB
--- OOM Event Process Counts ---
MainThread: 124
sh: 112
npm: 109
zsh: 22
agy: 19
uv: 11
python: 11
gitstatusd-linu: 5
init: 4
dbus-daemon: 4
SessionLeader: 4
agetty: 2
systemd: 2
python3: 2
DebugShell: 1
chronyd: 1
GnsEngine: 1
init(): 1
init-systemd(Ub: 1
WSLGd: 1
weston: 1
pulseaudio: 1
Xwayland: 1
systemd-journal: 1
systemd-udevd: 1
systemd-resolve: 1
systemd-timesyn: 1
cron: 1
systemd-logind: 1
rsyslogd: 1
unattended-upgr: 1
Relay(286): 1
login: 1
(sd-pam): 1
Relay(2059): 1
Relay(3741): 1
Relay(3750): 1
codex: 1
claude: 1
fusermount3: 1
bash: 1
Total RSS of all "agy" processes: 2445.38 MB
--- OOM Event Process Counts ---
MainThread: 124
sh: 112
npm: 109
zsh: 22
agy: 19
uv: 11
python: 11
gitstatusd-linu: 5
init: 4
SessionLeader: 4
dbus-daemon: 3
agetty: 2
systemd: 2
python3: 2
DebugShell: 1
chronyd: 1
GnsEngine: 1
init(): 1
init-systemd(Ub: 1
WSLGd: 1
weston: 1
pulseaudio: 1
Xwayland: 1
systemd-journal: 1
systemd-udevd: 1
systemd-resolve: 1
systemd-timesyn: 1
cron: 1
systemd-logind: 1
rsyslogd: 1
unattended-upgr: 1
Relay(286): 1
login: 1
(sd-pam): 1
Relay(2059): 1
Relay(3741): 1
Relay(3750): 1
codex: 1
claude: 1
fusermount3: 1
bash: 1
Total RSS of all "agy" processes: 2447.10 MB
```

---

## Step 69 - PLANNER_RESPONSE (MODEL)
* **Status**: DONE | **Created At**: 2026-06-08T06:17:10Z

### 🧠 Assistant Thoughts
```text
**Analyzing Process Distribution**

I've been analyzing the process count breakdown. It's fascinating! The `MainThread` leads with 124 instances (likely Node.js threads), followed by `sh` at 112, and `npm` at 109. Other shells like `zsh` have a smaller presence at 22, and `agy` with 19 processes, has a sizable RSS memory footprint.
```

### 🛠️ Proposed Tool Calls
* **Tool**: `run_command`
  **Arguments**:
  ```json
{
  "CommandLine": "tail -n 100 ~/.bash_history ~/.zsh_history 2>/dev/null || tail -n 100 ~/.zsh_history 2>/dev/null || echo \"No history files found\"",
  "Cwd": "/home/huyhung",
  "WaitMsBeforeAsync": 5000,
  "toolAction": "Retrieving shell command history",
  "toolSummary": "Shell history query"
}
  ```

---

## Step 70 - RUN_COMMAND (MODEL)
* **Status**: DONE | **Created At**: 2026-06-08T06:17:12Z

### 📄 Content
```text
Created At: 2026-06-08T06:17:12Z
Completed At: 2026-06-08T06:17:13Z

				The command completed successfully.
				Output:
				==> /home/huyhung/.bash_history <==
cat ~/.ssh/id_ed25519.pub 
ssh -T git@gitlab.nexon.com
git pull
ssh -T git@gitlab.nexon.com
ssh-add -l
ssh -T git@gitlab.nexon.com
ssh -o StrictHostKeyChecking=ask git@gitlab.nexon.com
cat ~/.ssh/id_ed25519.pub
ssh-add -l
ssh -T git@gitlab.nexon.com
git remove -v
git remote -v
git remote set-url origin ssh://git@gitlab.nexon.com:8022/analysis-support/sid/sid-fe.
git remote -v
git pull
pwd
ls -l ~/.ssh/
explorer.exe .
nano ~/.bashrc
source ~/.bashrc
nano ~/.bashrc
source ~/.bashrc
cd ~/projects/company/sid-fe/
code .\
code .
pưd
pwd
nano ~/.bashrc
source ~/.bashrc
pwd
sudo nano /etc/hosts
ping local.dev-aid.nexon.com
cat /etc/resolv.conf | grep nameserver
sudo nano /etc/hosts
npm run dev
sudo nano /etc/hosts
npm run dev
wsl.exe --version
npm run dev
hostname -I
172.23.102.233
ip addr show eth0 | grep inet
explorer.exe "http://172.23.102.233:3000"
explorer.exe "http://172.23.102.233:5670"
npm run dev
sudo nano /etc/hosts
npm run dev
echo $SHELL
cat /etc/resolv.conf | grep nameserver
hostname -I
npm run dev
cd
exit
https://local.dev-aid.nexon.com:5670/
sudo nano /etc/hosts
curl -v https://local.dev-aid.nexon.com:5670/
curl -k https://local.dev-aid.nexon.com:5670/
hostname -I
sudo nano /etc/hosts
hostname -I
sudo nano /etc/hosts
cd ~/projects/company/sid-fe/
npm run dev
cat /proc/sys/net/ipv4/conf/all/source_address_validation
sudo apt install zsh -y
chsh -s $(which zsh)
sh -c "$(curl -fsSL https://raw.githubusercontent.com/ohmyzsh/ohmyzsh/master/tools/install.sh)"
pwd
which node
sudo apt update
sudo apt update\
sudo apt update
curl -o- https://raw.githubusercontent.com/nvm-sh/nvm/v0.39.7/install.sh | bash
source ~/.bashrc]
source ~/.bashrc
nvm install 20
nvm use 20
which node
node -v
npm v
npm -v
cd ~/projects/company/sid-fe
rm -rf node_modules/
npm i
npm run dev
npm run dev -- --host
npm run dev
npm run dev\
npm run dev
git pull
ls
clear
cd ..
git pull
git cod feat/style-badge
git cob feat/style-badge
git a
git cm "feat: apply stylying the badge component"
git ps
npm run dev

==> /home/huyhung/.zsh_history <==
: 1780659757:0;clear
: 1780659814:0;ps -ef | grep -E 'agy|codex|claude|mcp|playwright|aws-api' | grep -v grep
: 1780659823:0;ps -ef | grep -E 'agy|codex|claude' | grep -v grep
: 1780659873:0;agy -c
: 1780660208:0;free -h
: 1780660228:0;uptime
: 1780661565:0;git config user.name "hahuyhungdev" && git config user.email "hahuyhungdev@gmail.com"
: 1780661770:0;git a
: 1780661774:0;git ps
: 1780661789:0;git psf
: 1780663760:0;clear
: 1780663791:0;git remote -v
: 1780663961:0;claude --dangerously-skip-permissions
: 1780664404:0;clear
: 1780664411:0;agyswap status
: 1780664696:0;npx ccusage@latest
: 1780664705:0;clear
: 1780664826:0;docker ps
